E/Vold    (  124): Filesystem check failed (not a FAT filesystem)
W/Vold    (  124): /dev/block/vold/179:33 does not contain a FAT filesystem
E/Vold    (  124): Volume sdcard found no suitable devices for mounting :(
D/Vold    (  124): Volume sdcard state changing 3 (Checking) -> 1 (Idle-Unmounted)
D/MountService(  486): volume state changed for /storage/sdcard0 (checking -> unmounted)
D/MountService(  486): volume state changed for /storage/sdcard0 (unmounted -> nofs)
V/OtaStartupReceiver(  767): onOtaspChanged: mOtaspMode=3
I/ActivityManager(  486): Start proc com.qualcomm.privinit for broadcast com.qualcomm.privinit/.BootReciever: pid=1030 uid=1000 gids={1015, 3002, 3001, 3003, 1028}
I/StorageNotification(  698): Media {/storage/sdcard0} state changed from {unmounted} -> {checking}
D/PhoneStatusBar(  698): addNotification score=0
E/Trace   ( 1030): error opening trace file: No such file or directory (2)
D/ActivityThread( 1030): setTargetHeapUtilization:0.25
D/ActivityThread( 1030): setTargetHeapIdealFree:8388608
D/ActivityThread( 1030): setTargetHeapConcurrentStart:2097152
D/MountService(  486): sendStorageIntent Intent { act=android.intent.action.MEDIA_UNMOUNTED dat=file:///storage/sdcard0 (has extras) }
D/MountService(  486): sendStorageIntent Intent { act=android.intent.action.MEDIA_NOFS dat=file:///storage/sdcard0 (has extras) }
E/MountService(  486): Boot-time mount failed (-3)
E/OMXNodeInstance(  133): OMX_FreeBuffer for buffer header 0x40022ed0 successful
E/OMXNodeInstance(  133): OMX_FreeBuffer for buffer header 0x4042d768 successful
E/OMXNodeInstance(  133): OMX_FreeBuffer for buffer header 0x402d89e8 successful
E/OMXNodeInstance(  133): OMX_FreeBuffer for buffer header 0x408d5f48 successful
E/OMXNodeInstance(  133): OMX_FreeBuffer for buffer header 0x40020c70 successful
E/OMXNodeInstance(  133): OMX_FreeBuffer for buffer header 0x40022ab8 successful
E/OMXNodeInstance(  133): OMX_FreeBuffer for buffer header 0x400229e8 successful
E/OMXNodeInstance(  133): OMX_FreeBuffer for buffer header 0x400228a8 successful
E/OMXNodeInstance(  133): OMX_FreeBuffer for buffer header 0x402d8a18 successful
E/OMXNodeInstance(  133): OMX_FreeBuffer for buffer header 0x402d8370 successful
E/OMXNodeInstance(  133): OMX_FreeBuffer for buffer header 0x402dbf40 successful
E/OMXNodeInstance(  133): OMX_FreeBuffer for buffer header 0x402da140 successful
D/qcom_priv_settings( 1030): setprop(net.http.threads) = [10]
D/qcom_priv_settings( 1030): setprop(net.http.idle_cache.size) = [40]
D/qcom_priv_settings( 1030): setprop(net.dns.cache_size) = [512]
D/qcom_priv_settings( 1030): setprop(net.dns.cache_ttl) = [600]
D/qcom_priv_settings( 1030): setprop(net.http.getzip) = [1]
D/qcom_priv_settings( 1030): setprop(net.http.idle_cache.shutdown) = [true]
D/qcom_priv_settings( 1030): setprop(net.webkit.cache.size) = [12582912]
D/qcom_priv_settings( 1030): setprop(net.webkit.cache.mindeadsize) = [4194304]
D/qcom_priv_settings( 1030): setprop(net.webkit.cache.maxdeadsize) = [4194304]
D/qcom_priv_settings( 1030): setprop(net.nw.cache.prioadvstep) = [86400000]
D/qcom_priv_settings( 1030): setprop(net.nw.cache.weightadvstep) = [3600000]
D/qcom_priv_settings( 1030): setprop(net.nw.cache.orderby) = [weight]
E/WVMExtractor(  133): Failed to open libwvm.so
W/QComExtractorFactory(  133): Didn't match the sniff <=== status = 5 
W/QComExtractorFactory(  133): Didn't match the sniff <=== status = 1 
W/QComExtractorFactory(  133): Didn't match the sniff <=== status = 1 
W/QComExtractorFactory(  133): Didn't match the sniff <=== status = 1 
E/MM_OSAL (  133): ValidateAACFile failed
W/QComExtractorFactory(  133): Didn't match the sniff <=== status = 1 
W/QComExtractorFactory(  133): Didn't match the sniff <=== status = 1 
I/StorageNotification(  698): Media {/storage/sdcard0} state changed from {checking} -> {unmounted}
D/VoldCmdListener(  124): volume shared /storage/sdcard0 ums
D/SizeAdaptiveLayout(  698): com.android.internal.widget.SizeAdaptiveLayout@41a36000child view android.widget.FrameLayout@41a38dd8 measured out of bounds at 95px clamped to 96px
I/ActivityManager(  486): Start proc com.qualcomm.wiper for broadcast com.qualcomm.wiper/.BootUpReceiver: pid=1048 uid=10046 gids={3003, 1028}
I/StorageNotification(  698): Media {/storage/sdcard0} state changed from {unmounted} -> {nofs}
D/PhoneStatusBar(  698): addNotification score=0
E/OMXNodeInstance(  133): OMX_FreeBuffer for buffer header 0x402c98c8 successful
E/OMXNodeInstance(  133): OMX_FreeBuffer for buffer header 0x402d9048 successful
E/OMXNodeInstance(  133): OMX_FreeBuffer for buffer header 0x402d9188 successful
E/OMXNodeInstance(  133): OMX_FreeBuffer for buffer header 0x402d92b0 successful
E/Trace   ( 1048): error opening trace file: No such file or directory (2)
D/ActivityThread( 1048): setTargetHeapUtilization:0.25
D/ActivityThread( 1048): setTargetHeapIdealFree:8388608
D/ActivityThread( 1048): setTargetHeapConcurrentStart:2097152
E/OMXNodeInstance(  133): OMX_FreeBuffer for buffer header 0x402c9740 successful
E/OMXNodeInstance(  133): OMX_FreeBuffer for buffer header 0x402c9688 successful
E/OMXNodeInstance(  133): OMX_FreeBuffer for buffer header 0x40436f60 successful
E/OMXNodeInstance(  133): OMX_FreeBuffer for buffer header 0x411de6a0 successful
E/OMXNodeInstance(  133): OMX_FreeBuffer for buffer header 0x402d8f20 successful
E/OMXNodeInstance(  133): OMX_FreeBuffer for buffer header 0x402c97f8 successful
E/OMXNodeInstance(  133): OMX_FreeBuffer for buffer header 0x40c08ef0 successful
E/OMXNodeInstance(  133): OMX_FreeBuffer for buffer header 0x402d9678 successful
D/WiperBootUpReceiver( 1048): Wiper Service Bootup Command
E/WVMExtractor(  133): Failed to open libwvm.so
W/QComExtractorFactory(  133): Didn't match the sniff <=== status = 5 
W/QComExtractorFactory(  133): Didn't match the sniff <=== status = 1 
W/QComExtractorFactory(  133): Didn't match the sniff <=== status = 1 
W/QComExtractorFactory(  133): Didn't match the sniff <=== status = 1 
E/MM_OSAL (  133): ValidateAACFile failed
W/QComExtractorFactory(  133): Didn't match the sniff <=== status = 1 
W/QComExtractorFactory(  133): Didn't match the sniff <=== status = 1 
D/SizeAdaptiveLayout(  698): com.android.internal.widget.SizeAdaptiveLayout@419eb390child view android.widget.FrameLayout@41a8f420 measured out of bounds at 95px clamped to 96px
D/Wiper Native( 1048):  Wiper Native JNI Onload 
D/WiperService( 1048): Loading Native Library
D/Wiper Native( 1048): Wiper Class init native, pid 1048
D/WiperService( 1048): Wiper Service Created
D/PhoneStatusBar(  698): addNotification score=0
D/WiperService( 1048): Wiper Service Started 
D/Wiper Native( 1048): Wiper Native Init
D/WiperService( 1048): Wiper enabled true
I/ActivityManager(  486): Start proc com.qualcomm.cabl for broadcast com.qualcomm.cabl/.CABLReceiver: pid=1068 uid=1000 gids={1015, 3002, 3001, 3003, 1028}
E/NotificationService(  486): Ignoring notification with icon==0: Notification(pri=0 contentView=null vibrate=null sound=null defaults=0x0 flags=0x62 kind=[null])
E/WiperService( 1048):  Disable wiper : No object for WPS / Wifi Scans 
D/Wiper Native( 1048): Wiper Native, send status 0
E/WiperIface(  139): Warning : WiperIface read handler : sWpsRspPending was FALSE 
E/LocSvc_api_rpc_glue(  139): I/---> loc_ioctl line 557 RPC_LOC_IOCTL_NOTIFY_WIPER_STATUS
D/WiperService( 1048): Skip Tile Setup
D/WiperService( 1048): Wiper Thread entry/exit
E/OMXNodeInstance(  133): OMX_FreeBuffer for buffer header 0x4001e008 successful
E/OMXNodeInstance(  133): OMX_FreeBuffer for buffer header 0x4001e218 successful
E/OMXNodeInstance(  133): OMX_FreeBuffer for buffer header 0x4001e358 successful
D/RPC     (  139): 3000008c:00050000 sending call (XID 2).
E/OMXNodeInstance(  133): OMX_FreeBuffer for buffer header 0x402da228 successful
D/RPC     (  139): 3000008c:00050000 received REPLY (XID 2), grabbing mutex to wake up client.
D/RPC     (  139): 3000008c:00050000 call success.
D/RPC     (  139): 3000008c:00050000 received CALL.
D/RPC     (  139): 3000008c:00050000 dispatching RPC call (XID 13, xdr 0x41189168) for callback client 3100008c:00050001.
D/RPC     (  139): 3100008c:327681 sending RPC reply (XID 13)
E/OMXNodeInstance(  133): OMX_FreeBuffer for buffer header 0x402c9d10 successful
E/OMXNodeInstance(  133): OMX_FreeBuffer for buffer header 0x402c9c58 successful
E/OMXNodeInstance(  133): OMX_FreeBuffer for buffer header 0x402c9b88 successful
E/OMXNodeInstance(  133): OMX_FreeBuffer for buffer header 0x41645f20 successful
E/OMXNodeInstance(  133): OMX_FreeBuffer for buffer header 0x4001e1a0 successful
E/OMXNodeInstance(  133): OMX_FreeBuffer for buffer header 0x402da270 successful
E/OMXNodeInstance(  133): OMX_FreeBuffer for buffer header 0x402c9d68 successful
E/OMXNodeInstance(  133): OMX_FreeBuffer for buffer header 0x40436ea8 successful
I/AccountTypeManager(  985): Loaded meta-data for 1 account types, 0 accounts in 31ms(wall) 8ms(cpu)
D/SizeAdaptiveLayout(  698): com.android.internal.widget.SizeAdaptiveLayout@419ea948child view android.widget.FrameLayout@419eacb0 measured out of bounds at 95px clamped to 96px
E/Trace   ( 1068): error opening trace file: No such file or directory (2)
D/ActivityThread( 1068): setTargetHeapUtilization:0.25
D/ActivityThread( 1068): setTargetHeapIdealFree:8388608
D/ActivityThread( 1068): setTargetHeapConcurrentStart:2097152
D/CABL    ( 1068): PostProc daemon status: running
E/WVMExtractor(  133): Failed to open libwvm.so
W/QComExtractorFactory(  133): Didn't match the sniff <=== status = 5 
W/QComExtractorFactory(  133): Didn't match the sniff <=== status = 1 
W/QComExtractorFactory(  133): Didn't match the sniff <=== status = 1 
W/QComExtractorFactory(  133): Didn't match the sniff <=== status = 1 
E/MM_OSAL (  133): ValidateAACFile failed
W/QComExtractorFactory(  133): Didn't match the sniff <=== status = 1 
W/QComExtractorFactory(  133): Didn't match the sniff <=== status = 1 
I/ActivityManager(  486): Start proc com.android.providers.calendar for broadcast com.android.providers.calendar/.CalendarReceiver: pid=1090 uid=10006 gids={3003, 1015, 1028}
D/CABL    ( 1068): Connected to the daemon socket
D/CABL    ( 1068): Bootup: CABL state is:true
D/CABL    ( 1068): Starting CABL at bootup
E/PPDaemon(  141): CABL not enabled!
D/CABL    ( 1068): PostProc Daemon sent: Failure
D/CABL    ( 1068): Matching expected outcome Success with response from daemon Failure
E/OMXNodeInstance(  133): OMX_FreeBuffer for buffer header 0x4001e038 successful
E/OMXNodeInstance(  133): OMX_FreeBuffer for buffer header 0x4001e248 successful
E/OMXNodeInstance(  133): OMX_FreeBuffer for buffer header 0x4001e388 successful
E/OMXNodeInstance(  133): OMX_FreeBuffer for buffer header 0x402c9b18 successful
E/Trace   ( 1090): error opening trace file: No such file or directory (2)
I/RecoverySystem(  486): Deleted: /cache/recovery/log
D/ActivityThread( 1090): setTargetHeapUtilization:0.25
D/ActivityThread( 1090): setTargetHeapIdealFree:8388608
D/ActivityThread( 1090): setTargetHeapConcurrentStart:2097152
E/OMXNodeInstance(  133): OMX_FreeBuffer for buffer header 0x408d4380 successful
E/OMXNodeInstance(  133): OMX_FreeBuffer for buffer header 0x408d42c8 successful
E/OMXNodeInstance(  133): OMX_FreeBuffer for buffer header 0x408d41f8 successful
E/OMXNodeInstance(  133): OMX_FreeBuffer for buffer header 0x402daef8 successful
E/OMXNodeInstance(  133): OMX_FreeBuffer for buffer header 0x402c9b30 successful
E/OMXNodeInstance(  133): OMX_FreeBuffer for buffer header 0x402c9d48 successful
E/OMXNodeInstance(  133): OMX_FreeBuffer for buffer header 0x4001e068 successful
E/OMXNodeInstance(  133): OMX_FreeBuffer for buffer header 0x408d43d8 successful
I/ActivityThread( 1090): Pub com.android.calendar: com.android.providers.calendar.CalendarProvider2
I/BootReceiver(  486): Copying /proc/last_kmsg to DropBox (SYSTEM_LAST_KMSG)
D/dalvikvm(  892): GC_CONCURRENT freed 2624K, 21% free 13499K/16963K, paused 12ms+4ms, total 48ms
I/CalendarDatabaseHelper( 1090): Bootstrapping database
D/Launcher.Model(  892): going to save icon bitmap for info=ShortcutInfo(title=intent=Intent { act=android.intent.action.MAIN cat=[android.intent.category.LAUNCHER] flg=0x10200000 cmp=com.android.browser/.BrowserActivity }id=14 type=0 container=-101 screen=4 cellX=4 cellY=0 spanX=1 spanY=1 isGesture=false dropPos=null)
D/Launcher.Model(  892): going to save icon bitmap for info=ShortcutInfo(title=intent=Intent { act=android.intent.action.MAIN cat=[android.intent.category.LAUNCHER] flg=0x10200000 cmp=com.android.contacts/.activities.DialtactsActivity }id=8 type=0 container=-101 screen=0 cellX=0 cellY=0 spanX=1 spanY=1 isGesture=false dropPos=null)
I/ActivityManager(  486): Start proc com.android.cellbroadcastreceiver for broadcast com.android.cellbroadcastreceiver/.CellBroadcastReceiver: pid=1116 uid=10007 gids={1028}
E/Trace   ( 1116): error opening trace file: No such file or directory (2)
D/ActivityThread( 1116): setTargetHeapUtilization:0.25
D/ActivityThread( 1116): setTargetHeapIdealFree:8388608
D/ActivityThread( 1116): setTargetHeapConcurrentStart:2097152
I/BootReceiver(  486): Copying /data/tombstones/modem to DropBox (SYSTEM_TOMBSTONE)
D/Launcher.Model(  892): going to save icon bitmap for info=ShortcutInfo(title=intent=Intent { act=android.intent.action.MAIN cat=[android.intent.category.LAUNCHER] flg=0x10200000 cmp=com.android.gallery3d/.app.Gallery }id=4 type=0 container=-100 screen=3 cellX=1 cellY=3 spanX=1 spanY=1 isGesture=false dropPos=null)
I/ActivityThread( 1116): Pub cellbroadcasts: com.android.cellbroadcastreceiver.CellBroadcastContentProvider
E/BootReceiver(  486): Can't log boot events
E/BootReceiver(  486): java.io.FileNotFoundException: /data/tombstones/modem: open failed: EISDIR (Is a directory)
E/BootReceiver(  486): 	at libcore.io.IoBridge.open(IoBridge.java:416)
E/BootReceiver(  486): 	at java.io.FileInputStream.<init>(FileInputStream.java:78)
E/BootReceiver(  486): 	at android.os.FileUtils.readTextFile(FileUtils.java:196)
E/BootReceiver(  486): 	at com.android.server.BootReceiver.addTextToDropBox(BootReceiver.java:179)
E/BootReceiver(  486): 	at com.android.server.BootReceiver.logBootEvents(BootReceiver.java:140)
E/BootReceiver(  486): 	at com.android.server.BootReceiver.access$000(BootReceiver.java:40)
E/BootReceiver(  486): 	at com.android.server.BootReceiver$1.run(BootReceiver.java:68)
E/BootReceiver(  486): Caused by: libcore.io.ErrnoException: open failed: EISDIR (Is a directory)
E/BootReceiver(  486): 	at libcore.io.IoBridge.open(IoBridge.java:405)
E/BootReceiver(  486): 	... 6 more
W/Resources( 1116): Converting to string: TypedValue{t=0x10/d=0x4 a=-1}
D/CellBroadcastReceiver( 1116): onReceive Intent { act=android.intent.action.BOOT_COMPLETED flg=0x10 cmp=com.android.cellbroadcastreceiver/.CellBroadcastReceiver }
D/CellBroadcastReceiver( 1116): Registering for ServiceState updates
D/CellBroadcastReceiver( 1116): Service state changed! 1 Full: 1 home null null 00000  Unknown CSS not supported 0 0 mDataState=1 RoamInd=1 DefRoamInd=1 EmergOnly=false
D/Launcher.Model(  892): going to save icon bitmap for info=ShortcutInfo(title=intent=Intent { act=android.intent.action.MAIN cat=[android.intent.category.LAUNCHER] flg=0x10200000 cmp=com.android.contacts/.activities.PeopleActivity }id=10 type=0 container=-101 screen=1 cellX=1 cellY=0 spanX=1 spanY=1 isGesture=false dropPos=null)
D/Launcher.Model(  892): going to save icon bitmap for info=ShortcutInfo(title=intent=Intent { act=android.intent.action.MAIN cat=[android.intent.category.LAUNCHER] flg=0x10200000 cmp=com.android.settings/.Settings }id=6 type=0 container=-100 screen=3 cellX=2 cellY=3 spanX=1 spanY=1 isGesture=false dropPos=null)
D/Launcher.Model(  892): going to save icon bitmap for info=ShortcutInfo(title=intent=Intent { act=android.intent.action.MAIN cat=[android.intent.category.LAUNCHER] flg=0x10200000 cmp=com.android.mms/.ui.ConversationList }id=12 type=0 container=-101 screen=3 cellX=3 cellY=0 spanX=1 spanY=1 isGesture=false dropPos=null)
W/BackupManagerService(  486): dataChanged but no participant pkg='com.android.providers.settings' uid=10011
V/AlarmClock(  967): AlarmInitReceiver finished
D/dalvikvm(  131): WAIT_FOR_CONCURRENT_GC blocked 0ms
I/ActivityManager(  486): Start proc com.android.email for broadcast com.android.email/.service.EmailBroadcastReceiver: pid=1137 uid=10013 gids={3003, 1015, 1028}
E/Trace   ( 1137): error opening trace file: No such file or directory (2)
D/ActivityThread( 1137): setTargetHeapUtilization:0.25
D/ActivityThread( 1137): setTargetHeapIdealFree:8388608
D/ActivityThread( 1137): setTargetHeapConcurrentStart:2097152
D/dalvikvm(  131): GC_EXPLICIT freed 37K, 53% free 8039K/16963K, paused 1ms+3ms, total 23ms
D/dalvikvm(  131): WAIT_FOR_CONCURRENT_GC blocked 0ms
D/dalvikvm(  131): GC_EXPLICIT freed <1K, 53% free 8039K/16963K, paused 1ms+2ms, total 21ms
D/dalvikvm(  131): WAIT_FOR_CONCURRENT_GC blocked 0ms
I/ActivityThread( 1137): Pub com.android.email.provider;com.android.email.notifier: com.android.email.provider.EmailProvider
D/dalvikvm(  131): GC_EXPLICIT freed <1K, 53% free 8039K/16963K, paused 2ms+2ms, total 22ms
I/ActivityThread( 1137): Pub com.android.email.attachmentprovider: com.android.email.provider.AttachmentProvider
I/ActivityManager(  486): Start proc com.android.exchange for service com.android.exchange/.ExchangeService: pid=1154 uid=10014 gids={3003, 1015, 1028}
E/Trace   ( 1154): error opening trace file: No such file or directory (2)
D/ActivityThread( 1154): setTargetHeapUtilization:0.25
D/ActivityThread( 1154): setTargetHeapIdealFree:8388608
D/ActivityThread( 1154): setTargetHeapConcurrentStart:2097152
I/Email   ( 1137): Onetime initialization: 1
I/Email   ( 1137): Onetime initialization: 2
I/ActivityThread( 1154): Pub com.android.exchange.directory.provider: com.android.exchange.provider.ExchangeDirectoryProvider
D/Eas Debug( 1154): Logging: 
D/ExchangeService( 1154): !!! EAS ExchangeService, onCreate
D/ExchangeService( 1154): !!! EAS ExchangeService, onStartCommand, startingUp = false, running = false
D/ExchangeService( 1154): !!! EAS ExchangeService, onStartCommand, startingUp = true, running = false
I/ActivityManager(  486): Start proc com.android.gallery3d for broadcast com.android.gallery3d/com.android.camera.DisableCameraReceiver: pid=1175 uid=10017 gids={1006, 3003, 1015, 1028}
E/Trace   ( 1175): error opening trace file: No such file or directory (2)
D/ActivityThread( 1175): setTargetHeapUtilization:0.25
D/ActivityThread( 1175): setTargetHeapIdealFree:8388608
D/ActivityThread( 1175): setTargetHeapConcurrentStart:2097152
D/ExchangeService( 1154): Received deviceId from Email app: androidc2099101532
D/ExchangeService( 1154): Reconciling accounts...
D/ExchangeService( 1154): !!! EAS ExchangeService, onStartCommand, startingUp = true, running = false
D/Eas Debug( 1154): Logging: 
I/ActivityThread( 1175): Pub com.android.gallery3d.provider: com.android.gallery3d.provider.GalleryProvider
I/DisableCameraReceiver( 1175): number of camera: 1
I/ActivityManager(  486): Start proc com.android.mms for broadcast com.android.mms/.transaction.MmsSystemEventReceiver: pid=1200 uid=10026 gids={3003, 1015, 1028}
D/EmailProvider( 1137): Creating EmailProvider database
E/Trace   ( 1200): error opening trace file: No such file or directory (2)
D/ActivityThread( 1200): setTargetHeapUtilization:0.25
D/ActivityThread( 1200): setTargetHeapIdealFree:8388608
D/ActivityThread( 1200): setTargetHeapConcurrentStart:2097152
I/ActivityThread( 1200): Pub mms_temp_file: com.android.mms.TempFileProvider
I/ActivityThread( 1200): Pub com.android.mms.SuggestionsProvider: com.android.mms.SuggestionsProvider
D/CountryDetector(  486): The first listener is added
I/CalendarProvider2( 1090): Sending notification intent: Intent { act=android.intent.action.PROVIDER_CHANGED dat=content://com.android.calendar }
W/ContentResolver( 1090): Failed to get type for: content://com.android.calendar (Unknown URL content://com.android.calendar)
V/MmsConfig( 1200): mnc/mcc: 
V/MmsConfig( 1200): tag: bool value: enabledMMS - true
V/MmsConfig( 1200): tag: int value: maxMessageSize - 307200
V/MmsConfig( 1200): tag: int value: maxImageHeight - 480
V/MmsConfig( 1200): tag: int value: maxImageWidth - 640
V/MmsConfig( 1200): tag: int value: defaultSMSMessagesPerThread - 500
V/MmsConfig( 1200): tag: int value: defaultMMSMessagesPerThread - 50
V/MmsConfig( 1200): tag: int value: minMessageCountPerThread - 10
V/MmsConfig( 1200): tag: int value: maxMessageCountPerThread - 5000
V/MmsConfig( 1200): tag: string value: uaProfUrl - http://www.google.com/oha/rdf/ua-profile-kila.xml
V/MmsConfig( 1200): tag: int value: recipientLimit - -1
V/MmsConfig( 1200): tag: bool value: enableMultipartSMS - true
V/MmsConfig( 1200): tag: int value: smsToMmsTextThreshold - -1
V/MmsConfig( 1200): tag: bool value: enableSlideDuration - true
V/MmsConfig( 1200): tag: int value: maxMessageTextSize - -1
I/ActivityManager(  486): Start proc com.qualcomm.display for broadcast com.qualcomm.display/.PPReceiver: pid=1228 uid=1000 gids={1015, 3002, 3001, 3003, 1028}
E/Trace   ( 1228): error opening trace file: No such file or directory (2)
D/ActivityThread( 1228): setTargetHeapUtilization:0.25
D/ActivityThread( 1228): setTargetHeapIdealFree:8388608
D/ActivityThread( 1228): setTargetHeapConcurrentStart:2097152
D/PPService( 1228): PostProc daemon status: running
D/PPDaemonConnector( 1228): Connected to the daemon socket
D/CAT     (  767): StkAppService:  Number of Cards present:1
D/CAT     (  767): StkAppService:  GetInstance: Handler (com.android.internal.telephony.uicc.UiccController) {419f86b8}
D/CAT     (  767): StkAppService: 5called on slot:0
D/CAT     (  767): StkAppService$ServiceHandler: OP_BOOT_COMPLETED
I/ActivityManager(  486): Start proc com.xiaomi.market for broadcast com.xiaomi.market/.data.StartupReceiver: pid=1248 uid=10039 gids={3003, 1028}
D/dalvikvm(  486): WAIT_FOR_CONCURRENT_GC blocked 0ms
D/dalvikvm(  486): GC_EXPLICIT freed 1326K, 37% free 10714K/16963K, paused 2ms+5ms, total 62ms
E/Trace   ( 1248): error opening trace file: No such file or directory (2)
D/ActivityThread( 1248): setTargetHeapUtilization:0.25
D/ActivityThread( 1248): setTargetHeapIdealFree:8388608
D/ActivityThread( 1248): setTargetHeapConcurrentStart:2097152
I/ActivityThread( 1248): Pub com.xiaomi.market.dbcache: com.xiaomi.market.db.MarketProvider
I/Adreno200-EGL( 1248): <qeglDrvAPI_eglInitialize:299>: EGL 1.4 QUALCOMM build: AU_LINUX_ANDROID_JB_REL_RB1.04.01.01.06.041_msm8660_surf_JB_REL_RB1.2_Merge_release_AU (Merge)
I/Adreno200-EGL( 1248): Build Date: 11/05/12 Mon
I/Adreno200-EGL( 1248): Local Branch: mybranch425650
I/Adreno200-EGL( 1248): Remote Branch: quic/jb_rel_rb1.2
I/Adreno200-EGL( 1248): Local Patches: NONE
I/Adreno200-EGL( 1248): Reconstruct Branch: AU_LINUX_ANDROID_JB_REL_RB1.04.01.01.06.041 +  NOTHING
W/Resources( 1248): Converting to string: TypedValue{t=0x10/d=0x1 a=-1}
W/Resources( 1248): Converting to string: TypedValue{t=0x10/d=0x2 a=-1}
W/Resources( 1248): Converting to string: TypedValue{t=0x10/d=0x2 a=-1}
I/ContactDirectoryManager(  860): deleted 0 stale rows which don't have any relevant directory
D/MarketApp( 1248): version code changed from 0 to 124, clear cache
E/SQLiteLog(  801): (5) statement aborts at 1: [PRAGMA journal_mode=TRUNCATE;] 
I/MediaProvider(  801): Upgrading media database from version 0 to 509, which will destroy all old data
D/AudioHardwareMSM8660(  133): AudioStreamOutMSM8x60::standby()
D/AudioHardwareMSM8660(  133): Deroute pcm stream
D/AudioHardwareMSM8660(  133): deleteFromTable stream 1
D/AudioHardwareMSM8660(  133): value of device and enable is <speaker_stereo_rx> 0 ALSA dev id:2
D/EmailProvider( 1137): Creating EmailProviderBody database
I/ContactDirectoryManager(  860): Discovered 0 contact directories in 423ms
I/ContactsDatabaseHelper(  860): Switching to locale zh_CN
D/MmsSmsDatabaseHelper(  767): [MmsSmsDb] tableName: threads hasAutoIncrement: CREATE TABLE threads (_id INTEGER PRIMARY KEY AUTOINCREMENT,date INTEGER DEFAULT 0,message_count INTEGER DEFAULT 0,recipient_ids TEXT,snippet TEXT,snippet_cs INTEGER DEFAULT 0,read INTEGER DEFAULT 1,type INTEGER DEFAULT 0,error INTEGER DEFAULT 0,has_attachment INTEGER DEFAULT 0) result: true
D/MmsSmsDatabaseHelper(  767): [MmsSmsDb] tableName: canonical_addresses hasAutoIncrement: CREATE TABLE canonical_addresses (_id INTEGER PRIMARY KEY AUTOINCREMENT,address TEXT) result: true
D/MmsSmsDatabaseHelper(  767): [getWritableDatabase] hasAutoIncrementThreads: true hasAutoIncrementAddresses: true
E/SQLiteLog(  801): (1) no such table: files
E/WVMExtractor(  133): Failed to open libwvm.so
W/QComExtractorFactory(  133): Didn't match the sniff <=== status = 5 
W/QComExtractorFactory(  133): Didn't match the sniff <=== status = 1 
W/QComExtractorFactory(  133): Didn't match the sniff <=== status = 1 
W/QComExtractorFactory(  133): Didn't match the sniff <=== status = 1 
E/MM_OSAL (  133): ValidateAACFile failed
W/QComExtractorFactory(  133): Didn't match the sniff <=== status = 1 
W/QComExtractorFactory(  133): Didn't match the sniff <=== status = 1 
I/LocationManagerService(  486): request passive (pid 486) 0 0
I/ContactsDatabaseHelper(  860): Locale change completed in 358ms
I/ContactsDatabaseHelper(  860): Switching to locale zh_CN
I/ActivityManager(  486): Start proc com.android.voicedialer for broadcast com.android.voicedialer/.VoiceDialerReceiver: pid=1273 uid=10043 gids={3002, 1028}
E/Trace   ( 1273): error opening trace file: No such file or directory (2)
D/ActivityThread( 1273): setTargetHeapUtilization:0.25
D/ActivityThread( 1273): setTargetHeapIdealFree:8388608
D/ActivityThread( 1273): setTargetHeapConcurrentStart:2097152
I/ActivityManager(  486): Start proc com.baidu.wallpaper for broadcast com.baidu.wallpaper/.service.BaiduWallpaperReceiver: pid=1286 uid=10047 gids={1015, 3003, 1028}
E/Trace   ( 1286): error opening trace file: No such file or directory (2)
D/ActivityThread( 1286): setTargetHeapUtilization:0.25
D/ActivityThread( 1286): setTargetHeapIdealFree:8388608
D/ActivityThread( 1286): setTargetHeapConcurrentStart:2097152
E/WVMExtractor(  133): Failed to open libwvm.so
W/QComExtractorFactory(  133): Didn't match the sniff <=== status = 5 
W/QComExtractorFactory(  133): Didn't match the sniff <=== status = 1 
W/QComExtractorFactory(  133): Didn't match the sniff <=== status = 1 
W/QComExtractorFactory(  133): Didn't match the sniff <=== status = 1 
E/MM_OSAL (  133): ValidateAACFile failed
W/QComExtractorFactory(  133): Didn't match the sniff <=== status = 1 
W/QComExtractorFactory(  133): Didn't match the sniff <=== status = 1 
E/WVMExtractor(  133): Failed to open libwvm.so
W/QComExtractorFactory(  133): Didn't match the sniff <=== status = 5 
W/QComExtractorFactory(  133): Didn't match the sniff <=== status = 1 
W/QComExtractorFactory(  133): Didn't match the sniff <=== status = 1 
W/QComExtractorFactory(  133): Didn't match the sniff <=== status = 1 
E/MM_OSAL (  133): ValidateAACFile failed
W/QComExtractorFactory(  133): Didn't match the sniff <=== status = 1 
W/QComExtractorFactory(  133): Didn't match the sniff <=== status = 1 
D/EmailProvider( 1137): Creating EmailProvider database
I/BaiduWallpaperReceiver( 1286): get receiver
I/BaiduWallpaperReceiver( 1286): android.intent.action.BOOT_COMPLETED
I/BaiduWallpaperReceiver( 1286): StartService
V/BaiduWallpaperManager( 1286): startService
V/BaiduWallpaperService( 1286): onCreate
W/BroadcastQueue(  486): Permission Denial: receiving Intent { act=android.intent.action.BOOT_COMPLETED flg=0x10 } to com.scienvo.activity requires android.permission.RECEIVE_BOOT_COMPLETED due to sender null (uid 1000)
D/MediaScannerReceiver(  801): action: android.intent.action.MEDIA_UNMOUNTED path: /storage/sdcard0
W/ActivityManager(  486): Permission denied: checkComponentPermission() owningUid=1000
W/BroadcastQueue(  486): Permission Denial: broadcasting Intent { act=android.appwidget.action.APPWIDGET_UPDATE_OPTIONS flg=0x10 cmp=com.android.settings/.widget.SettingsAppWidgetProvider (has extras) } from android (pid=892, uid=10021) is not exported from uid 1000 due to receiver com.android.settings/com.android.settings.widget.SettingsAppWidgetProvider
E/WVMExtractor(  133): Failed to open libwvm.so
W/QComExtractorFactory(  133): Didn't match the sniff <=== status = 5 
W/QComExtractorFactory(  133): Didn't match the sniff <=== status = 1 
W/QComExtractorFactory(  133): Didn't match the sniff <=== status = 1 
W/QComExtractorFactory(  133): Didn't match the sniff <=== status = 1 
E/MM_OSAL (  133): ValidateAACFile failed
W/QComExtractorFactory(  133): Didn't match the sniff <=== status = 1 
W/QComExtractorFactory(  133): Didn't match the sniff <=== status = 1 
I/ActivityManager(  486): Start proc com.android.calendar for broadcast com.android.calendar/.alerts.AlertReceiver: pid=1300 uid=10005 gids={3003, 1028}
E/Trace   ( 1300): error opening trace file: No such file or directory (2)
D/ActivityThread( 1300): setTargetHeapUtilization:0.25
D/ActivityThread( 1300): setTargetHeapIdealFree:8388608
D/ActivityThread( 1300): setTargetHeapConcurrentStart:2097152
I/ActivityThread( 1300): Pub com.android.calendar.CalendarRecentSuggestionsProvider: com.android.calendar.CalendarRecentSuggestionsProvider
E/WVMExtractor(  133): Failed to open libwvm.so
W/QComExtractorFactory(  133): Didn't match the sniff <=== status = 5 
W/QComExtractorFactory(  133): Didn't match the sniff <=== status = 1 
W/QComExtractorFactory(  133): Didn't match the sniff <=== status = 1 
W/QComExtractorFactory(  133): Didn't match the sniff <=== status = 1 
E/MM_OSAL (  133): ValidateAACFile failed
W/QComExtractorFactory(  133): Didn't match the sniff <=== status = 1 
W/QComExtractorFactory(  133): Didn't match the sniff <=== status = 1 
D/AlertReceiver( 1300): onReceive: a=android.intent.action.PROVIDER_CHANGED Intent { act=android.intent.action.PROVIDER_CHANGED dat=content://com.android.calendar flg=0x10 cmp=com.android.calendar/.alerts.AlertReceiver }
D/AlertService( 1300): 0 Action = android.intent.action.PROVIDER_CHANGED
D/AlertService( 1300): Beginning updateAlertNotification
I/ContactsDatabaseHelper(  860): Locale change completed in 387ms
I/ContactsProvider(  860): Upgrading aggregation algorithm
D/AlertService( 1300): No fired or scheduled alerts
I/ContactAggregator(  860): Marked all visible contacts for aggregation: 0 raw contacts, 5 ms
D/EmailProvider( 1137): fromDatabase accounts: 0
D/EmailProvider( 1137): ending toDatabase transaction; copyCount = 0
D/AudioHardwareMSM8660(  133): write(): dec_id = 1 cur_rx = speaker_stereo_rx
D/AudioHardwareMSM8660(  133): value of device and enable is <speaker_stereo_rx> 1 ALSA dev id:2
E/WVMExtractor(  133): Failed to open libwvm.so
W/QComExtractorFactory(  133): Didn't match the sniff <=== status = 5 
W/QComExtractorFactory(  133): Didn't match the sniff <=== status = 1 
W/QComExtractorFactory(  133): Didn't match the sniff <=== status = 1 
W/QComExtractorFactory(  133): Didn't match the sniff <=== status = 1 
E/MM_OSAL (  133): ValidateAACFile failed
W/QComExtractorFactory(  133): Didn't match the sniff <=== status = 1 
W/QComExtractorFactory(  133): Didn't match the sniff <=== status = 1 
D/ACDB-LOADER(  133): ACDB -> send_audio_cal, acdb_id = 15, path =  0
D/ACDB-LOADER(  133): ACDB -> send_adm_topology
D/ACDB-LOADER(  133): ACDB -> ACDB_CMD_GET_AUDPROC_COMMON_TOPOLOGY_ID
D/ACDB-LOADER(  133): ACDB -> send_audtable
D/ACDB-LOADER(  133): ACDB -> ACDB_CMD_GET_AUDPROC_COMMON_TABLE
D/ACDB-LOADER(  133): ACDB -> AUDIO_SET_AUDPROC_CAL
D/ACDB-LOADER(  133): ACDB -> send_audvoltable
D/ACDB-LOADER(  133): ACDB -> ACDB_CMD_GET_AUDPROC_GAIN_DEP_VOLTBL_STEP_COPP
D/ACDB-LOADER(  133): ACDB -> AUDIO_SET_AUDPROC_VOL_CAL
D/AudioHardwareMSM8660(  133): addToTable stream 1
E/MetadataRetrieverClient(  133): failed to extract an album art
E/BaiduWallpaperService( 1286): java.io.FileNotFoundException: /data/data/com.baidu.wallpaper/config/autosetdata.txt: open failed: ENOENT (No such file or directory)
V/BaiduWallpaperService( 1286): java.io.FileNotFoundException: /data/data/com.baidu.wallpaper/config/time.txt: open failed: ENOENT (No such file or directory)
V/BaiduWallpaperService( 1286): time = 0
V/BaiduWallpaperService( 1286): onStart
I/ContactsProvider(  860): Aggregation algorithm upgraded for 0 raw contacts in 374ms
I/ContactsFTS(  860): Rebuild contact search index in 38ms, 0 contacts
D/EmailProvider( 1137): ending fromDatabase transaction; copyCount = 0
I/Email   ( 1137): Onetime initialization: completed.
W/BackupManagerService(  486): dataChanged but no participant pkg='com.android.providers.settings' uid=10012
E/WVMExtractor(  133): Failed to open libwvm.so
W/QComExtractorFactory(  133): Didn't match the sniff <=== status = 5 
W/QComExtractorFactory(  133): Didn't match the sniff <=== status = 1 
W/QComExtractorFactory(  133): Didn't match the sniff <=== status = 1 
W/QComExtractorFactory(  133): Didn't match the sniff <=== status = 1 
E/MM_OSAL (  133): ValidateAACFile failed
W/QComExtractorFactory(  133): Didn't match the sniff <=== status = 1 
W/QComExtractorFactory(  133): Didn't match the sniff <=== status = 1 
D/ExchangeService( 1154): !!! EAS ExchangeService, onStartCommand, startingUp = true, running = false
I/ActivityManager(  486): No longer want com.android.provision (pid 834): hidden #16
I/ActivityManager(  486): No longer want com.android.contacts (pid 985): hidden #16
E/WVMExtractor(  133): Failed to open libwvm.so
W/QComExtractorFactory(  133): Didn't match the sniff <=== status = 5 
W/QComExtractorFactory(  133): Didn't match the sniff <=== status = 1 
W/QComExtractorFactory(  133): Didn't match the sniff <=== status = 1 
W/QComExtractorFactory(  133): Didn't match the sniff <=== status = 1 
E/MM_OSAL (  133): ValidateAACFile failed
W/QComExtractorFactory(  133): Didn't match the sniff <=== status = 1 
W/QComExtractorFactory(  133): Didn't match the sniff <=== status = 1 
E/WVMExtractor(  133): Failed to open libwvm.so
W/QComExtractorFactory(  133): Didn't match the sniff <=== status = 5 
W/QComExtractorFactory(  133): Didn't match the sniff <=== status = 1 
W/QComExtractorFactory(  133): Didn't match the sniff <=== status = 1 
W/QComExtractorFactory(  133): Didn't match the sniff <=== status = 1 
E/MM_OSAL (  133): ValidateAACFile failed
W/QComExtractorFactory(  133): Didn't match the sniff <=== status = 1 
W/QComExtractorFactory(  133): Didn't match the sniff <=== status = 1 
E/WVMExtractor(  133): Failed to open libwvm.so
W/QComExtractorFactory(  133): Didn't match the sniff <=== status = 5 
W/QComExtractorFactory(  133): Didn't match the sniff <=== status = 1 
W/QComExtractorFactory(  133): Didn't match the sniff <=== status = 1 
W/QComExtractorFactory(  133): Didn't match the sniff <=== status = 1 
E/MM_OSAL (  133): ValidateAACFile failed
W/QComExtractorFactory(  133): Didn't match the sniff <=== status = 1 
W/QComExtractorFactory(  133): Didn't match the sniff <=== status = 1 
E/WVMExtractor(  133): Failed to open libwvm.so
W/QComExtractorFactory(  133): Didn't match the sniff <=== status = 5 
W/QComExtractorFactory(  133): Didn't match the sniff <=== status = 1 
W/QComExtractorFactory(  133): Didn't match the sniff <=== status = 1 
W/QComExtractorFactory(  133): Didn't match the sniff <=== status = 1 
E/MM_OSAL (  133): ValidateAACFile failed
W/QComExtractorFactory(  133): Didn't match the sniff <=== status = 1 
W/QComExtractorFactory(  133): Didn't match the sniff <=== status = 1 
E/WVMExtractor(  133): Failed to open libwvm.so
W/QComExtractorFactory(  133): Didn't match the sniff <=== status = 5 
W/QComExtractorFactory(  133): Didn't match the sniff <=== status = 1 
W/QComExtractorFactory(  133): Didn't match the sniff <=== status = 1 
W/QComExtractorFactory(  133): Didn't match the sniff <=== status = 1 
E/MM_OSAL (  133): ValidateAACFile failed
W/QComExtractorFactory(  133): Didn't match the sniff <=== status = 1 
W/QComExtractorFactory(  133): Didn't match the sniff <=== status = 1 
E/WVMExtractor(  133): Failed to open libwvm.so
W/QComExtractorFactory(  133): Didn't match the sniff <=== status = 5 
W/QComExtractorFactory(  133): Didn't match the sniff <=== status = 1 
W/QComExtractorFactory(  133): Didn't match the sniff <=== status = 1 
W/QComExtractorFactory(  133): Didn't match the sniff <=== status = 1 
E/MM_OSAL (  133): ValidateAACFile failed
W/QComExtractorFactory(  133): Didn't match the sniff <=== status = 1 
W/QComExtractorFactory(  133): Didn't match the sniff <=== status = 1 
E/WVMExtractor(  133): Failed to open libwvm.so
W/QComExtractorFactory(  133): Didn't match the sniff <=== status = 5 
W/QComExtractorFactory(  133): Didn't match the sniff <=== status = 1 
W/QComExtractorFactory(  133): Didn't match the sniff <=== status = 1 
W/QComExtractorFactory(  133): Didn't match the sniff <=== status = 1 
E/MM_OSAL (  133): ValidateAACFile failed
W/QComExtractorFactory(  133): Didn't match the sniff <=== status = 1 
W/QComExtractorFactory(  133): Didn't match the sniff <=== status = 1 
E/WVMExtractor(  133): Failed to open libwvm.so
W/QComExtractorFactory(  133): Didn't match the sniff <=== status = 5 
W/QComExtractorFactory(  133): Didn't match the sniff <=== status = 1 
W/QComExtractorFactory(  133): Didn't match the sniff <=== status = 1 
W/QComExtractorFactory(  133): Didn't match the sniff <=== status = 1 
E/MM_OSAL (  133): ValidateAACFile failed
W/QComExtractorFactory(  133): Didn't match the sniff <=== status = 1 
W/QComExtractorFactory(  133): Didn't match the sniff <=== status = 1 
E/WVMExtractor(  133): Failed to open libwvm.so
W/QComExtractorFactory(  133): Didn't match the sniff <=== status = 5 
W/QComExtractorFactory(  133): Didn't match the sniff <=== status = 1 
W/QComExtractorFactory(  133): Didn't match the sniff <=== status = 1 
W/QComExtractorFactory(  133): Didn't match the sniff <=== status = 1 
E/MM_OSAL (  133): ValidateAACFile failed
W/QComExtractorFactory(  133): Didn't match the sniff <=== status = 1 
W/QComExtractorFactory(  133): Didn't match the sniff <=== status = 1 
E/WVMExtractor(  133): Failed to open libwvm.so
W/QComExtractorFactory(  133): Didn't match the sniff <=== status = 5 
W/QComExtractorFactory(  133): Didn't match the sniff <=== status = 1 
W/QComExtractorFactory(  133): Didn't match the sniff <=== status = 1 
W/QComExtractorFactory(  133): Didn't match the sniff <=== status = 1 
E/MM_OSAL (  133): ValidateAACFile failed
W/QComExtractorFactory(  133): Didn't match the sniff <=== status = 1 
W/QComExtractorFactory(  133): Didn't match the sniff <=== status = 1 
E/WVMExtractor(  133): Failed to open libwvm.so
W/QComExtractorFactory(  133): Didn't match the sniff <=== status = 5 
W/QComExtractorFactory(  133): Didn't match the sniff <=== status = 1 
W/QComExtractorFactory(  133): Didn't match the sniff <=== status = 1 
W/QComExtractorFactory(  133): Didn't match the sniff <=== status = 1 
E/MM_OSAL (  133): ValidateAACFile failed
W/QComExtractorFactory(  133): Didn't match the sniff <=== status = 1 
W/QComExtractorFactory(  133): Didn't match the sniff <=== status = 1 
E/WVMExtractor(  133): Failed to open libwvm.so
W/QComExtractorFactory(  133): Didn't match the sniff <=== status = 5 
W/QComExtractorFactory(  133): Didn't match the sniff <=== status = 1 
W/QComExtractorFactory(  133): Didn't match the sniff <=== status = 1 
W/QComExtractorFactory(  133): Didn't match the sniff <=== status = 1 
E/MM_OSAL (  133): ValidateAACFile failed
W/QComExtractorFactory(  133): Didn't match the sniff <=== status = 1 
W/QComExtractorFactory(  133): Didn't match the sniff <=== status = 1 
E/WVMExtractor(  133): Failed to open libwvm.so
W/QComExtractorFactory(  133): Didn't match the sniff <=== status = 5 
W/QComExtractorFactory(  133): Didn't match the sniff <=== status = 1 
W/QComExtractorFactory(  133): Didn't match the sniff <=== status = 1 
W/QComExtractorFactory(  133): Didn't match the sniff <=== status = 1 
E/MM_OSAL (  133): ValidateAACFile failed
W/QComExtractorFactory(  133): Didn't match the sniff <=== status = 1 
W/QComExtractorFactory(  133): Didn't match the sniff <=== status = 1 
E/WVMExtractor(  133): Failed to open libwvm.so
W/QComExtractorFactory(  133): Didn't match the sniff <=== status = 5 
W/QComExtractorFactory(  133): Didn't match the sniff <=== status = 1 
W/QComExtractorFactory(  133): Didn't match the sniff <=== status = 1 
W/QComExtractorFactory(  133): Didn't match the sniff <=== status = 1 
E/MM_OSAL (  133): ValidateAACFile failed
W/QComExtractorFactory(  133): Didn't match the sniff <=== status = 1 
W/QComExtractorFactory(  133): Didn't match the sniff <=== status = 1 
E/WVMExtractor(  133): Failed to open libwvm.so
W/QComExtractorFactory(  133): Didn't match the sniff <=== status = 5 
W/QComExtractorFactory(  133): Didn't match the sniff <=== status = 1 
W/QComExtractorFactory(  133): Didn't match the sniff <=== status = 1 
W/QComExtractorFactory(  133): Didn't match the sniff <=== status = 1 
E/MM_OSAL (  133): ValidateAACFile failed
W/QComExtractorFactory(  133): Didn't match the sniff <=== status = 1 
W/QComExtractorFactory(  133): Didn't match the sniff <=== status = 1 
E/WVMExtractor(  133): Failed to open libwvm.so
W/QComExtractorFactory(  133): Didn't match the sniff <=== status = 5 
W/QComExtractorFactory(  133): Didn't match the sniff <=== status = 1 
W/QComExtractorFactory(  133): Didn't match the sniff <=== status = 1 
W/QComExtractorFactory(  133): Didn't match the sniff <=== status = 1 
E/MM_OSAL (  133): ValidateAACFile failed
W/QComExtractorFactory(  133): Didn't match the sniff <=== status = 1 
W/QComExtractorFactory(  133): Didn't match the sniff <=== status = 1 
E/WVMExtractor(  133): Failed to open libwvm.so
W/QComExtractorFactory(  133): Didn't match the sniff <=== status = 5 
W/QComExtractorFactory(  133): Didn't match the sniff <=== status = 1 
W/QComExtractorFactory(  133): Didn't match the sniff <=== status = 1 
W/QComExtractorFactory(  133): Didn't match the sniff <=== status = 1 
E/MM_OSAL (  133): ValidateAACFile failed
W/QComExtractorFactory(  133): Didn't match the sniff <=== status = 1 
W/QComExtractorFactory(  133): Didn't match the sniff <=== status = 1 
E/WVMExtractor(  133): Failed to open libwvm.so
W/QComExtractorFactory(  133): Didn't match the sniff <=== status = 5 
W/QComExtractorFactory(  133): Didn't match the sniff <=== status = 1 
W/QComExtractorFactory(  133): Didn't match the sniff <=== status = 1 
W/QComExtractorFactory(  133): Didn't match the sniff <=== status = 1 
E/MM_OSAL (  133): ValidateAACFile failed
W/QComExtractorFactory(  133): Didn't match the sniff <=== status = 1 
W/QComExtractorFactory(  133): Didn't match the sniff <=== status = 1 
E/WVMExtractor(  133): Failed to open libwvm.so
W/QComExtractorFactory(  133): Didn't match the sniff <=== status = 5 
W/QComExtractorFactory(  133): Didn't match the sniff <=== status = 1 
W/QComExtractorFactory(  133): Didn't match the sniff <=== status = 1 
W/QComExtractorFactory(  133): Didn't match the sniff <=== status = 1 
E/MM_OSAL (  133): ValidateAACFile failed
W/QComExtractorFactory(  133): Didn't match the sniff <=== status = 1 
W/QComExtractorFactory(  133): Didn't match the sniff <=== status = 1 
E/WVMExtractor(  133): Failed to open libwvm.so
W/QComExtractorFactory(  133): Didn't match the sniff <=== status = 5 
W/QComExtractorFactory(  133): Didn't match the sniff <=== status = 1 
W/QComExtractorFactory(  133): Didn't match the sniff <=== status = 1 
W/QComExtractorFactory(  133): Didn't match the sniff <=== status = 1 
E/MM_OSAL (  133): ValidateAACFile failed
W/QComExtractorFactory(  133): Didn't match the sniff <=== status = 1 
W/QComExtractorFactory(  133): Didn't match the sniff <=== status = 1 
E/WVMExtractor(  133): Failed to open libwvm.so
W/QComExtractorFactory(  133): Didn't match the sniff <=== status = 5 
W/QComExtractorFactory(  133): Didn't match the sniff <=== status = 1 
W/QComExtractorFactory(  133): Didn't match the sniff <=== status = 1 
W/QComExtractorFactory(  133): Didn't match the sniff <=== status = 1 
E/MM_OSAL (  133): ValidateAACFile failed
W/QComExtractorFactory(  133): Didn't match the sniff <=== status = 1 
W/QComExtractorFactory(  133): Didn't match the sniff <=== status = 1 
E/WVMExtractor(  133): Failed to open libwvm.so
W/QComExtractorFactory(  133): Didn't match the sniff <=== status = 5 
W/QComExtractorFactory(  133): Didn't match the sniff <=== status = 1 
W/QComExtractorFactory(  133): Didn't match the sniff <=== status = 1 
W/QComExtractorFactory(  133): Didn't match the sniff <=== status = 1 
E/MM_OSAL (  133): ValidateAACFile failed
W/QComExtractorFactory(  133): Didn't match the sniff <=== status = 1 
W/QComExtractorFactory(  133): Didn't match the sniff <=== status = 1 
E/WVMExtractor(  133): Failed to open libwvm.so
W/QComExtractorFactory(  133): Didn't match the sniff <=== status = 5 
W/QComExtractorFactory(  133): Didn't match the sniff <=== status = 1 
W/QComExtractorFactory(  133): Didn't match the sniff <=== status = 1 
W/QComExtractorFactory(  133): Didn't match the sniff <=== status = 1 
E/MM_OSAL (  133): ValidateAACFile failed
W/QComExtractorFactory(  133): Didn't match the sniff <=== status = 1 
W/QComExtractorFactory(  133): Didn't match the sniff <=== status = 1 
E/WVMExtractor(  133): Failed to open libwvm.so
W/QComExtractorFactory(  133): Didn't match the sniff <=== status = 5 
W/QComExtractorFactory(  133): Didn't match the sniff <=== status = 1 
W/QComExtractorFactory(  133): Didn't match the sniff <=== status = 1 
W/QComExtractorFactory(  133): Didn't match the sniff <=== status = 1 
E/MM_OSAL (  133): ValidateAACFile failed
W/QComExtractorFactory(  133): Didn't match the sniff <=== status = 1 
W/QComExtractorFactory(  133): Didn't match the sniff <=== status = 1 
E/WVMExtractor(  133): Failed to open libwvm.so
W/QComExtractorFactory(  133): Didn't match the sniff <=== status = 5 
W/QComExtractorFactory(  133): Didn't match the sniff <=== status = 1 
W/QComExtractorFactory(  133): Didn't match the sniff <=== status = 1 
W/QComExtractorFactory(  133): Didn't match the sniff <=== status = 1 
E/MM_OSAL (  133): ValidateAACFile failed
W/QComExtractorFactory(  133): Didn't match the sniff <=== status = 1 
W/QComExtractorFactory(  133): Didn't match the sniff <=== status = 1 
E/WVMExtractor(  133): Failed to open libwvm.so
W/QComExtractorFactory(  133): Didn't match the sniff <=== status = 5 
W/QComExtractorFactory(  133): Didn't match the sniff <=== status = 1 
W/QComExtractorFactory(  133): Didn't match the sniff <=== status = 1 
W/QComExtractorFactory(  133): Didn't match the sniff <=== status = 1 
E/MM_OSAL (  133): ValidateAACFile failed
W/QComExtractorFactory(  133): Didn't match the sniff <=== status = 1 
W/QComExtractorFactory(  133): Didn't match the sniff <=== status = 1 
E/WVMExtractor(  133): Failed to open libwvm.so
W/QComExtractorFactory(  133): Didn't match the sniff <=== status = 5 
W/QComExtractorFactory(  133): Didn't match the sniff <=== status = 1 
W/QComExtractorFactory(  133): Didn't match the sniff <=== status = 1 
W/QComExtractorFactory(  133): Didn't match the sniff <=== status = 1 
E/MM_OSAL (  133): ValidateAACFile failed
W/QComExtractorFactory(  133): Didn't match the sniff <=== status = 1 
W/QComExtractorFactory(  133): Didn't match the sniff <=== status = 1 
E/WVMExtractor(  133): Failed to open libwvm.so
W/QComExtractorFactory(  133): Didn't match the sniff <=== status = 5 
W/QComExtractorFactory(  133): Didn't match the sniff <=== status = 1 
W/QComExtractorFactory(  133): Didn't match the sniff <=== status = 1 
W/QComExtractorFactory(  133): Didn't match the sniff <=== status = 1 
E/MM_OSAL (  133): ValidateAACFile failed
W/QComExtractorFactory(  133): Didn't match the sniff <=== status = 1 
W/QComExtractorFactory(  133): Didn't match the sniff <=== status = 1 
E/WVMExtractor(  133): Failed to open libwvm.so
W/QComExtractorFactory(  133): Didn't match the sniff <=== status = 5 
W/QComExtractorFactory(  133): Didn't match the sniff <=== status = 1 
W/QComExtractorFactory(  133): Didn't match the sniff <=== status = 1 
W/QComExtractorFactory(  133): Didn't match the sniff <=== status = 1 
E/MM_OSAL (  133): ValidateAACFile failed
W/QComExtractorFactory(  133): Didn't match the sniff <=== status = 1 
W/QComExtractorFactory(  133): Didn't match the sniff <=== status = 1 
E/WVMExtractor(  133): Failed to open libwvm.so
W/QComExtractorFactory(  133): Didn't match the sniff <=== status = 5 
W/QComExtractorFactory(  133): Didn't match the sniff <=== status = 1 
W/QComExtractorFactory(  133): Didn't match the sniff <=== status = 1 
W/QComExtractorFactory(  133): Didn't match the sniff <=== status = 1 
E/MM_OSAL (  133): ValidateAACFile failed
W/QComExtractorFactory(  133): Didn't match the sniff <=== status = 1 
W/QComExtractorFactory(  133): Didn't match the sniff <=== status = 1 
E/WVMExtractor(  133): Failed to open libwvm.so
W/QComExtractorFactory(  133): Didn't match the sniff <=== status = 5 
W/QComExtractorFactory(  133): Didn't match the sniff <=== status = 1 
W/QComExtractorFactory(  133): Didn't match the sniff <=== status = 1 
W/QComExtractorFactory(  133): Didn't match the sniff <=== status = 1 
E/MM_OSAL (  133): ValidateAACFile failed
