I/PackageManager(  486): Running dexopt on: com.witchstudio
I/SystemServer(  486): Mount Service
D/MountService(  486): got storage path: /storage/sdcard0 description: SD  primary: true removable: true emulated: false mtpReserve: 0 allowMassStorage: true maxFileSize: 4294967296
D/MountService(  486): got storage path: /mnt/udisk description: USB  primary: false removable: true emulated: false mtpReserve: 0 allowMassStorage: false maxFileSize: 0
I/SystemServer(  486): LockSettingsService
I/SystemServer(  486): Device Policy
I/PackageManager(  486): Updating external media status from unmounted to unmounted
I/SystemServer(  486): Status Bar
I/SystemServer(  486): Clipboard Service
I/SystemServer(  486): NetworkManagement Service
D/VoldCmdListener(  124): volume list
D/NetworkManagementService(  486): Creating NetworkManagementService
D/NetworkManagementService(  486): Awaiting socket connection
D/NetworkManagementService(  486): Connected
I/SystemServer(  486): Text Service Manager Service
D/MountService(  486): volume state changed for /storage/sdcard0 (null -> unmounted)
D/MountService(  486): volume state changed for /mnt/udisk (null -> removed)
W/MountService(  486): getSecureContainerList() called when storage not mounted
D/VoldCmdListener(  124): asec list
I/PackageManager(  486): No secure containers on sdcard
I/PackageManager(  486): Platform changed from 0 to 16; regranting permissions for external storage
W/PackageManager(  486): Unknown permission com.google.android.googleapps.permission.GOOGLE_AUTH.mail in package com.android.contacts
W/PackageManager(  486): Unknown permission android.permission.ADD_SYSTEM_SERVICE in package com.android.phone
W/PackageManager(  486): Unknown permission com.google.android.googleapps.permission.GOOGLE_AUTH in package com.android.providers.calendar
W/PackageManager(  486): Unknown permission com.google.android.googleapps.permission.GOOGLE_AUTH.cl in package com.android.providers.calendar
W/PackageManager(  486): Unknown permission android.permission.MMS_PUSH in package com.android.bluetooth
W/PackageManager(  486): Unknown permission com.google.android.googleapps.permission.GOOGLE_AUTH.mail in package com.android.calendar
W/PackageManager(  486): Not granting permission android.permission.SEND_DOWNLOAD_COMPLETED_INTENTS to package com.android.browser (protectionLevel=2 flags=0x9be45)
W/PackageManager(  486): Unknown permission android.permission.BLUETOOTH_PERM in package com.android.music
W/PackageManager(  486): Not granting permission android.permission.READ_LOGS to package com.baidu.wallpaper (protectionLevel=50 flags=0xbe46)
W/PackageManager(  486): Not granting permission android.permission.READ_LOGS to package com.witchstudio (protectionLevel=50 flags=0x8bc44)
W/PackageManager(  486): Unknown permission android.permission.WRITE_INTERNAL_STORAGE in package com.android.updater
W/PackageManager(  486): Unknown permission com.google.android.googleapps.permission.GOOGLE_AUTH in package com.android.settings
W/PackageManager(  486): Unknown permission com.google.android.googleapps.permission.GOOGLE_AUTH in package com.android.providers.contacts
W/PackageManager(  486): Unknown permission com.google.android.googleapps.permission.GOOGLE_AUTH.cp in package com.android.providers.contacts
W/PackageManager(  486): Not granting permission android.permission.READ_LOGS to package com.scienvo.activity (protectionLevel=50 flags=0x83c44)
W/PackageManager(  486): Not granting permission android.permission.DEVICE_POWER to package com.android.deskclock (protectionLevel=2 flags=0x8be45)
I/SystemServer(  486): NetworkStats Service
I/SystemServer(  486): NetworkPolicy Service
I/SystemServer(  486): Wi-Fi P2pService
I/SystemServer(  486): Wi-Fi Service
D/StateMachine(  486): completeConstruction: E
D/StateMachine(  486): completeConstruction: maxDepth=6
D/StateMachine(  486): setupInitialStateStack: E mInitialState=InitialState
D/StateMachine(  486): moveTempStackToStateStack: i=1,j=0
D/StateMachine(  486): moveTempStackToStateStack: i=0,j=1
D/StateMachine(  486): moveTempStackToStateStack: X mStateStackTop=1,startingIndex=0,Top=InitialState
D/StateMachine(  486): completeConstruction: X
D/StateMachine(  486): handleMessage: E msg.what=-2
D/StateMachine(  486): invokeEnterMethods: DefaultState
D/StateMachine(  486): invokeEnterMethods: InitialState
D/WifiStateMachine(  486): InitialState
D/StateMachine(  486): transitionTo: destState=DriverUnloadedState
E/CommandListener(  127): Failed to open /proc/sys/net/ipv6/conf/wlan0/disable_ipv6: No such file or directory
E/WifiStateMachine(  486): Failed to disable IPv6: java.lang.IllegalStateException: command '1 interface ipv6 wlan0 disable' failed with '400 1 Failed to change IPv6 state (No such file or directory)'
D/StateMachine(  486): handleMessage: new destination call exit
D/StateMachine(  486): setupTempStateStackWithStatesToEnter: X mTempStateStackCount=1,curStateInfo: state=DefaultState,active=true,parent=null
D/StateMachine(  486): invokeExitMethods: InitialState
D/StateMachine(  486): moveTempStackToStateStack: i=0,j=1
D/StateMachine(  486): moveTempStackToStateStack: X mStateStackTop=1,startingIndex=1,Top=DriverUnloadedState
D/StateMachine(  486): invokeEnterMethods: DriverUnloadedState
D/WifiStateMachine(  486): DriverUnloadedState
D/StateMachine(  486): handleMessage: X
D/StateMachine(  486): handleMessage: E msg.what=131154
D/StateMachine(  486): processMsg: DriverUnloadedState
D/WifiStateMachine(  486): DriverUnloadedState{ what=131154 when=-4ms arg1=1 }
D/StateMachine(  486): processMsg: DefaultState
D/WifiStateMachine(  486): DefaultState{ what=131154 when=-4ms arg1=1 }
D/StateMachine(  486): handleMessage: X
D/StateMachine(  486): handleMessage: E msg.what=69632
D/StateMachine(  486): processMsg: DriverUnloadedState
D/WifiStateMachine(  486): DriverUnloadedState{ what=69632 when=-2ms obj=com.android.internal.util.AsyncChannel@42114ea0 }
D/StateMachine(  486): processMsg: DefaultState
D/WifiStateMachine(  486): DefaultState{ what=69632 when=-3ms obj=com.android.internal.util.AsyncChannel@42114ea0 }
D/StateMachine(  486): handleMessage: X
I/SystemServer(  486): Connectivity Service
D/ConnectivityService(  486): ConnectivityService starting up
D/StateMachine(  486): handleMessage: E msg.what=131085
D/StateMachine(  486): processMsg: DriverUnloadedState
D/WifiStateMachine(  486): DriverUnloadedState{ what=131085 when=-1ms }
D/StateMachine(  486): processMsg: DefaultState
D/WifiStateMachine(  486): DefaultState{ what=131085 when=-1ms }
D/StateMachine(  486): handleMessage: X
D/StateMachine(  486): handleMessage: E msg.what=131147
D/StateMachine(  486): processMsg: DriverUnloadedState
D/WifiStateMachine(  486): DriverUnloadedState{ what=131147 when=-1ms }
D/StateMachine(  486): processMsg: DefaultState
D/WifiStateMachine(  486): DefaultState{ what=131147 when=-1ms }
D/StateMachine(  486): handleMessage: X
E/MobileDataStateTracker(  486): default: Ignoring feature request because could not acquire PhoneService
E/MobileDataStateTracker(  486): default: Could not enable APN type "default"
I/WifiService(  486): WifiService starting up with Wi-Fi disabled
V/LinkManager(  486): LinkManager constructor
D/PackageManager(  486): generateServicesMap(android.accounts.AccountAuthenticator): 2 services unchanged
V/ConnectivityService(  486): CNE is disabled.
I/SystemServer(  486): Network Service Discovery Service
D/NsdService(  486): Network service discovery enabled true
I/SystemServer(  486): Throttle Service
I/SystemServer(  486): UpdateLock Service
I/SystemServer(  486): Notification Manager
I/SystemServer(  486): Device Storage Monitor
I/SystemServer(  486): Location Manager
I/SystemServer(  486): Country Detector
I/SystemServer(  486): Search Service
I/SystemServer(  486): DropBox Service
I/SystemServer(  486): Wallpaper Service
W/WallpaperService(  486): failed parsing /data/system/users/0/wallpaper_info.xml java.io.FileNotFoundException: /data/system/users/0/wallpaper_info.xml: open failed: ENOENT (No such file or directory)
I/SystemServer(  486): Audio Service
E/AudioHardwareMSM8660(  133):  unknown stream 
I/SystemServer(  486): Dock Observer
W/DockObserver(  486): This kernel does not have dock station support
I/SystemServer(  486): Wired Accessory Observer
W/WiredAccessoryObserver(  486): This kernel does not have HDMI audio support
I/SystemServer(  486): USB Service
I/SystemServer(  486): Serial Service
I/SystemServer(  486): UI Mode Manager Service
I/SystemServer(  486): Backup Service
V/BackupManagerService(  486): Initializing package tracking
V/BackupManagerService(  486): No ancestral data
D/dalvikvm(  486): GC_CONCURRENT freed 1822K, 40% free 10219K/16963K, paused 12ms+5ms, total 58ms
D/dalvikvm(  486): WAIT_FOR_CONCURRENT_GC blocked 21ms
V/BackupManagerService(  486): addPackageParticipantsLocked: all
I/BackupManagerService(  486): New app android never backed up; scheduling
D/BackupManagerService(  486): Now staging backup of android
I/BackupManagerService(  486): New app com.android.browser never backed up; scheduling
D/BackupManagerService(  486): Now staging backup of com.android.browser
I/BackupManagerService(  486): New app com.android.calendar never backed up; scheduling
D/BackupManagerService(  486): Now staging backup of com.android.calendar
I/BackupManagerService(  486): New app com.android.inputmethod.latin never backed up; scheduling
D/BackupManagerService(  486): Now staging backup of com.android.inputmethod.latin
I/BackupManagerService(  486): New app com.android.providers.settings never backed up; scheduling
D/BackupManagerService(  486): Now staging backup of com.android.providers.settings
I/BackupManagerService(  486): New app com.android.providers.userdictionary never backed up; scheduling
D/BackupManagerService(  486): Now staging backup of com.android.providers.userdictionary
I/BackupManagerService(  486): New app com.android.sharedstoragebackup never backed up; scheduling
D/BackupManagerService(  486): Now staging backup of com.android.sharedstoragebackup
V/BackupManagerService(  486): Registering transport android/com.android.internal.backup.LocalTransport = com.android.internal.backup.LocalTransport@42102490
V/BackupManagerService(  486): Starting with transport android/com.android.internal.backup.LocalTransport
V/BackupManagerService(  486): Google transport not present
D/AtCkpdCmdHandler(  486): De-queing command
I/WindowManager(  486): SAFE MODE not enabled
I/BackupManagerService(  486): Backup enabled => false
I/BackupManagerService(  486): Opting out of backup
I/SystemServer(  486): AppWidget Service
I/SystemServer(  486): Recognition Service
I/SystemServer(  486): DiskStats Service
I/SystemServer(  486): AtCmdFwd Service
I/SystemServer(  486): SamplingProfiler Service
I/SystemServer(  486): NetworkTimeUpdateService
I/SystemServer(  486): CommonTimeManagementService
I/SystemServer(  486): CertBlacklister
E/SQLiteLog(  486): (5) statement aborts at 1: [PRAGMA journal_mode=TRUNCATE;] 
E/SQLiteLog(  486): (1) no such table: locksettings
D/PowerManagerService(  486): system ready!
I/LockSettingsService(  486): Migrated lock settings to new location
I/Zygote  (  486): Process: zygote socket opened
I/ActivityManager(  486): Sending system update to: ComponentInfo{com.android.providers.calendar/com.android.providers.calendar.CalendarUpgradeReceiver}
I/ActivityManager(  486): Sending system update to: ComponentInfo{com.android.providers.contacts/com.android.providers.contacts.ContactsUpgradeReceiver}
I/ActivityManager(  486): Sending system update to: ComponentInfo{com.android.providers.media/com.android.providers.media.MediaUpgradeReceiver}
I/ActivityManager(  486): Start proc com.android.providers.calendar for broadcast com.android.providers.calendar/.CalendarUpgradeReceiver: pid=654 uid=10006 gids={3003, 1015, 1028}
E/Trace   (  654): error opening trace file: No such file or directory (2)
D/ActivityThread(  654): setTargetHeapUtilization:0.25
D/ActivityThread(  654): setTargetHeapIdealFree:8388608
D/ActivityThread(  654): setTargetHeapConcurrentStart:2097152
I/ActivityManager(  486): Launching preboot mode app: ProcessRecord{419fcf60 654:com.android.providers.calendar/u0a6}
I/ActivityManager(  486): Start proc android.process.acore for broadcast com.android.providers.contacts/.ContactsUpgradeReceiver: pid=668 uid=10000 gids={3003, 1015, 1028}
E/Trace   (  668): error opening trace file: No such file or directory (2)
D/ActivityThread(  668): setTargetHeapUtilization:0.25
D/ActivityThread(  668): setTargetHeapIdealFree:8388608
D/ActivityThread(  668): setTargetHeapConcurrentStart:2097152
I/ActivityManager(  486): Launching preboot mode app: ProcessRecord{41af0be8 668:android.process.acore/u0a0}
I/ContactsDatabaseHelper(  668): Bootstrapping database version: 704
I/ContactsProviderV1(  668): Bootstrapping database legacy support
I/ActivityManager(  486): Start proc android.process.media for broadcast com.android.providers.media/.MediaUpgradeReceiver: pid=683 uid=10012 gids={1015, 1023, 1024, 1028, 2001, 3003, 3007}
I/ActivityManager(  486): Launching preboot mode app: ProcessRecord{41b13488 683:android.process.media/u0a12}
E/Trace   (  683): error opening trace file: No such file or directory (2)
D/ActivityThread(  683): setTargetHeapUtilization:0.25
D/ActivityThread(  683): setTargetHeapIdealFree:8388608
D/ActivityThread(  683): setTargetHeapConcurrentStart:2097152
I/ActivityManager(  486): Writing new set of last done pre-boot receivers...
I/ActivityManager(  486): Removing system update proc: ProcessRecord{419fcf60 654:com.android.providers.calendar/u0a6}
I/ActivityManager(  486): Killing proc 654:com.android.providers.calendar/u0a6: system update done
I/ActivityManager(  486): Removing system update proc: ProcessRecord{41af0be8 668:android.process.acore/u0a0}
I/ActivityManager(  486): Killing proc 668:android.process.acore/u0a0: system update done
I/ActivityManager(  486): Removing system update proc: ProcessRecord{41b13488 683:android.process.media/u0a12}
I/ActivityManager(  486): Killing proc 683:android.process.media/u0a12: system update done
I/ActivityManager(  486): System now ready
I/SystemServer(  486): Making services ready
D/SystemServer(  486): Starting service: Intent { cmp=com.android.systemui/.SystemUIService }
I/ActivityManager(  486): Start proc com.android.systemui for service com.android.systemui/.SystemUIService: pid=698 uid=10040 gids={1028, 1015, 3002, 3001}
D/NetworkManagementService(  486): enabling bandwidth control
E/Trace   (  698): error opening trace file: No such file or directory (2)
D/ActivityThread(  698): setTargetHeapUtilization:0.25
D/ActivityThread(  698): setTargetHeapIdealFree:8388608
D/ActivityThread(  698): setTargetHeapConcurrentStart:2097152
D/SystemUIService(  698): loading: class com.android.systemui.statusbar.phone.PhoneStatusBar
D/SystemUIService(  698): running: com.android.systemui.statusbar.phone.PhoneStatusBar@419ea0b0
I/StatusBarManagerService(  486): registerStatusBar bar=com.android.internal.statusbar.IStatusBar$Stub$Proxy@41b9f318
D/NetworkManagementService(  486): Prepared
I/ActivityManager(  486): Config changed: {1.0 0mcc0mnc zh_CN sw320dp w320dp h544dp nrml long port finger -keyb/h/h -nav/h s.4}
W/RecognitionManagerService(  486): no available voice recognition services found
W/AppWidgetServiceImpl(  486): Failed to read state: java.io.FileNotFoundException: /data/system/users/0/appwidgets.xml: open failed: ENOENT (No such file or directory)
D/PhoneStatusBar(  698): disable: < expand icons alerts ticker system_info back home recent clock >
W/InputMethodManagerService(  486): Ignoring setImeWindowStatus of uid 1000 token: null
D/StorageNotification(  698): Startup with UMS connection false (media state unmounted)
W/InputMethodManagerService(  486): Reset the default IME as "Resource" is ready here.
D/SystemUIService(  698): loading: class com.android.systemui.power.PowerUI
D/SystemUIService(  698): running: com.android.systemui.power.PowerUI@41a91c30
I/InputMethodManagerService(  486): No default found, using com.android.inputmethod.latin/.LatinIME
D/SystemUIService(  698): loading: class com.android.systemui.media.RingtonePlayer
I/StorageNotification(  698): UMS connection changed to false (media state unmounted)
D/SystemUIService(  698): running: com.android.systemui.media.RingtonePlayer@41a92bf0
D/WifiService(  486): New client listening to asynchronous messages
I/ActivityManager(  486): Config changed: {1.0 0mcc0mnc zh_CN sw320dp w320dp h544dp nrml long port finger -keyb/v/h -nav/h s.5}
I/ActivityManager(  486): Start proc com.android.inputmethod.latin for service com.android.inputmethod.latin/.LatinIME: pid=750 uid=10020 gids={1028}
I/CommonTimeManagementService(  486): No common time service detected on this platform.  Common time services will be unavailable.
E/ThrottleService(  486): Error reading data file
W/InputMethodManagerService(  486): Illegal subtype state: old subtype = null, new subtype = android.view.inputmethod.InputMethodSubtype@c9194f98
I/ActivityManager(  486): Start proc com.android.phone for added application com.android.phone: pid=767 uid=1001 gids={3002, 3001, 3003, 1015, 2001, 1007, 1028}
I/ActivityManager(  486): START {act=android.intent.action.MAIN cat=[android.intent.category.HOME] flg=0x10000000 cmp=com.android.settings/.CryptKeeper u=0} from pid 0
W/ThrottleService(  486): unable to find stats for iface rmnet0
E/Trace   (  750): error opening trace file: No such file or directory (2)
D/ActivityThread(  750): setTargetHeapUtilization:0.25
D/ActivityThread(  750): setTargetHeapIdealFree:8388608
D/ActivityThread(  750): setTargetHeapConcurrentStart:2097152
I/ActivityManager(  486): Start proc com.android.settings for activity com.android.settings/.CryptKeeper: pid=780 uid=1000 gids={1015, 3002, 3001, 3003, 1028}
I/ActivityManager(  486): Start proc android.process.media for broadcast com.android.providers.media/.UsbReceiver: pid=801 uid=10012 gids={1015, 1023, 1024, 1028, 2001, 3003, 3007}
E/Trace   (  780): error opening trace file: No such file or directory (2)
D/ActivityThread(  780): setTargetHeapUtilization:0.25
D/ActivityThread(  780): setTargetHeapIdealFree:8388608
D/ActivityThread(  780): setTargetHeapConcurrentStart:2097152
E/Trace   (  767): error opening trace file: No such file or directory (2)
W/ThrottleService(  486): unable to find stats for iface rmnet0
D/ActivityThread(  767): setTargetHeapUtilization:0.25
D/ActivityThread(  767): setTargetHeapIdealFree:8388608
D/ActivityThread(  767): setTargetHeapConcurrentStart:2097152
E/LocSvc_afw(  486): E/const ulpInterface* loc_eng_get_ulp_inf(), dlopen for libulp.so failed, error = Cannot load library: link_image[1891]:   131 could not load needed library 'libquipc_os_api.so' for 'libulp2.so' (load_library[1093]: Library 'libquipc_os_api.so' not found)
E/LocSvc_afw(  486): E/get_extension: Invalid interface passed in
E/Trace   (  801): error opening trace file: No such file or directory (2)
D/ActivityThread(  801): setTargetHeapUtilization:0.25
D/ActivityThread(  801): setTargetHeapIdealFree:8388608
D/ActivityThread(  801): setTargetHeapConcurrentStart:2097152
I/ActivityThread(  801): Pub media: com.android.providers.media.MediaProvider
I/Adreno200-EGL(  698): <qeglDrvAPI_eglInitialize:299>: EGL 1.4 QUALCOMM build: AU_LINUX_ANDROID_JB_REL_RB1.04.01.01.06.041_msm8660_surf_JB_REL_RB1.2_Merge_release_AU (Merge)
I/Adreno200-EGL(  698): Build Date: 11/05/12 Mon
I/Adreno200-EGL(  698): Local Branch: mybranch425650
I/Adreno200-EGL(  698): Remote Branch: quic/jb_rel_rb1.2
I/Adreno200-EGL(  698): Local Patches: NONE
I/Adreno200-EGL(  698): Reconstruct Branch: AU_LINUX_ANDROID_JB_REL_RB1.04.01.01.06.041 +  NOTHING
I/ActivityThread(  767): Pub mms: com.android.providers.telephony.MmsProvider
I/ActivityThread(  801): Pub downloads: com.android.providers.downloads.DownloadProvider
D/GpsLocationProvider(  486): Gps MessageHandler. msg.what 2 msg.arg1:1 msg.arg2: 1
E/LocSvc_eng(  486): I/===> int loc_eng_init(loc_eng_data_s_type&, LocCallbacks*, LOC_API_ADAPTER_EVENT_MASK_T, void (*)(void*, void*)) line 272 
E/LocSvc_api_rpc_glue(  486): I/---> loc_open line 354 loc client open
D/RPC     (  486): 3000008c:00050000 sending call (XID 1).
E/LocSvc_api_rpc_glue(  486): I/---> loc_ioctl line 557 RPC_LOC_IOCTL_SET_SUPL_VERSION
E/LocSvc_eng(  486): I/===> void loc_eng_agps_init(loc_eng_data_s_type&, AGpsCallbacks*) line 846 
D/RPC     (  486): 3000008c:00050000 received REPLY (XID 1), grabbing mutex to wake up client.
D/RPC     (  486): 3000008c:00050000 call success.
D/RPC     (  486): 3000008c:00050000 sending call (XID 2).
D/RPC     (  486): 3000008c:00050000 received REPLY (XID 2), grabbing mutex to wake up client.
D/RPC     (  486): 3000008c:00050000 call success.
I/ActivityThread(  767): Pub iccmsim: com.android.phone.MSimIccProvider
I/ActivityThread(  767): Pub sms: com.android.providers.telephony.SmsProvider
I/ActivityThread(  767): Pub telephony: com.android.providers.telephony.TelephonyProvider
W/TelephonyProvider(  767): onCreate: confFile=/system/etc/apns-conf.xml oldCheckSum=-1
D/RPC     (  486): 3000008c:00050000 received CALL.
I/ActivityManager(  486): START {act=android.intent.action.MAIN cat=[android.intent.category.HOME] flg=0x10000000 cmp=com.android.provision/.DefaultActivity u=0} from pid 0
I/ActivityThread(  767): Pub icc: com.android.phone.IccProvider
I/ActivityThread(  767): Pub mms-sms: com.android.providers.telephony.MmsSmsProvider
I/ActivityThread(  801): Pub drm: com.android.providers.drm.DrmProvider
E/LocSvc_adapter(  486): W/virtual loc_api_adapter_err LocApiAdapter::setLPPConfig(uint32_t): default implementation invoked
E/LocSvc_adapter(  486): W/virtual loc_api_adapter_err LocApiAdapter::setSensorControlConfig(int): default implementation invoked
E/LocSvc_adapter(  486): W/virtual loc_api_adapter_err LocApiAdapter::setSensorPerfControlConfig(int, int, int, int, int, int, int, int, int, int): default implementation invoked
E/LocSvc_adapter(  486): I/<--- int32 loc_event_cb(void*, rpc_loc_client_handle_type, rpc_loc_event_mask_type, const rpc_loc_event_payload_u_type*) line 70 RPC_LOC_EVENT_IOCTL_REPORT
D/dalvikvm(  131): WAIT_FOR_CONCURRENT_GC blocked 0ms
I/DownloadManager(  801): in removeSpuriousFiles
D/RPC     (  486): 3000008c:00050000 dispatching RPC call (XID 12, xdr 0x5bfd3008) for callback client 3100008c:00050001.
D/RPC     (  486): 3100008c:327681 sending RPC reply (XID 12)
I/ActivityManager(  486): Start proc com.android.provision for activity com.android.provision/.DefaultActivity: pid=834 uid=10035 gids={1028}
D/dalvikvm(  131): GC_EXPLICIT freed 35K, 53% free 8039K/16963K, paused 1ms+2ms, total 25ms
D/dalvikvm(  131): WAIT_FOR_CONCURRENT_GC blocked 0ms
W/InputAttributes(  750): No editor info for this field. Bug?
D/dalvikvm(  131): GC_EXPLICIT freed <1K, 53% free 8039K/16963K, paused 1ms+2ms, total 22ms
D/dalvikvm(  131): WAIT_FOR_CONCURRENT_GC blocked 0ms
D/PhoneApp(  767): non dsds PhoneApp:
D/dalvikvm(  131): GC_EXPLICIT freed <1K, 53% free 8039K/16963K, paused 1ms+2ms, total 22ms
E/ActivityThread(  750): Failed to find provider info for com.android.inputmethod.latin.dictionarypack
E/BinaryDictionaryGetter(  750): Could not find a dictionary pack
E/LocSvc_eng(  486): I/===> void loc_eng_ni_init(loc_eng_data_s_type&, GpsNiCallbacks*) line 250 
E/LocSvc_eng(  486): I/===> int loc_eng_ulp_network_init(loc_eng_data_s_type&, UlpNetworkLocationCallbacks*) line 2038 
D/GpsLocationProvider(  486): Gps MessageHandler. msg.what 5 msg.arg1:0 msg.arg2: 0
E/Trace   (  834): error opening trace file: No such file or directory (2)
D/LocalBluetoothProfileManager(  780): Added handler for SAP state changed Notifications
D/LocalBluetoothProfileManager(  780): Added handler for DUN state changed Notifications
D/LocalBluetoothProfileManager(  780): LocalBluetoothProfileManager construction complete
I/LocationManagerService(  486): whitelist: []
I/LocationManagerService(  486): blacklist: []
D/ActivityThread(  834): setTargetHeapUtilization:0.25
D/ActivityThread(  834): setTargetHeapIdealFree:8388608
D/ActivityThread(  834): setTargetHeapConcurrentStart:2097152
W/SignalStrength(  767): Size of signalstrength parcel:60
I/ActivityManager(  486): Start proc android.process.acore for content provider com.android.providers.userdictionary/.UserDictionaryProvider: pid=860 uid=10000 gids={3003, 1015, 1028}
D/        (  767): [ApnContext:default] set reason as dataEnabled,current state IDLE
D/        (  767): [ApnContext:default] setRetryCount: 0
D/        (  767): [ApnContext:mms] set reason as dataEnabled,current state IDLE
D/        (  767): [ApnContext:mms] setRetryCount: 0
D/        (  767): [ApnContext:supl] set reason as dataEnabled,current state IDLE
D/        (  767): [ApnContext:supl] setRetryCount: 0
D/        (  767): [ApnContext:dun] set reason as dataEnabled,current state IDLE
D/        (  767): [ApnContext:dun] setRetryCount: 0
D/        (  767): [ApnContext:hipri] set reason as dataEnabled,current state IDLE
D/        (  767): [ApnContext:hipri] setRetryCount: 0
D/        (  767): [ApnContext:fota] set reason as dataEnabled,current state IDLE
D/        (  767): [ApnContext:fota] setRetryCount: 0
D/        (  767): [ApnContext:ims] set reason as dataEnabled,current state IDLE
D/        (  767): [ApnContext:ims] setRetryCount: 0
D/        (  767): [ApnContext:cbs] set reason as dataEnabled,current state IDLE
D/        (  767): [ApnContext:cbs] setRetryCount: 0
E/Trace   (  860): error opening trace file: No such file or directory (2)
D/ActivityThread(  860): setTargetHeapUtilization:0.25
D/ActivityThread(  860): setTargetHeapIdealFree:8388608
D/ActivityThread(  860): setTargetHeapConcurrentStart:2097152
I/Choreographer(  698): Skipped 31 frames!  The application may be doing too much work on its main thread.
I/ActivityThread(  860): Pub com.android.voicemail: com.android.providers.contacts.VoicemailContentProvider
I/ActivityThread(  860): Pub applications: com.android.providers.applications.ApplicationsProvider
I/ActivityManager(  486): Start proc com.android.smspush for service com.android.smspush/.WapPushManager: pid=875 uid=10045 gids={1028}
W/BackupManagerService(  486): dataChanged but no participant pkg='com.android.providers.settings' uid=10035
E/HybridProvider(  486): kvs.containsKey(ENH_LOCATION_SERVICES_ENABLED) returned false
D/HybridProvider(  486): updateSettings invoked from LMS and setting values. Gps:true GNP:false WiFi:false Agps:trueenhLocationServicesSetting: false
D/GpsLocationProvider(  486): Gps MessageHandler. msg.what 12 msg.arg1:2 msg.arg2: 0
D/GpsLocationProvider(  486): handleNativePhoneContextUpdate called. updateType: 2 mRequestContextType: 0 mRequestType: 0
D/GpsLocationProvider(  486): handleNativePhoneContextUpdate. Update obtained before request. Ignoring
D/StatusBar.NetworkController(  698): refreshViews: Data not connected!! Set no data type icon
D/StatusBar.NetworkController(  698): refreshViews connected={ } level=?? combinedSignalIconId=0x0/(null) combinedActivityIconId=0x0 mobileLabel= wifiLabel= emergencyOnly=false combinedLabel= mAirplaneMode=false mDataActivity=0 mPhoneSignalIconId=0x0 mDataDirectionIconId=0x0 mDataSignalIconId=0x0 mDataTypeIconId=0x0 mNoSimIconId=0x0 mWifiIconId=0x0 mBluetoothTetherIconId=0x108054d
D/StatusBar.NetworkController(  698): changing data overlay icon id to 0
I/StorageNotification(  698): UMS connection changed to false (media state unmounted)
E/Trace   (  875): error opening trace file: No such file or directory (2)
D/ActivityThread(  875): setTargetHeapUtilization:0.25
D/ActivityThread(  875): setTargetHeapIdealFree:8388608
D/ActivityThread(  875): setTargetHeapConcurrentStart:2097152
I/ActivityManager(  486): START {act=android.intent.action.MAIN cat=[android.intent.category.HOME] flg=0x10000000 cmp=com.android.launcher/com.android.launcher2.Launcher u=0} from pid 0
I/PowerUI (  698): showing low battery warning: level=1 [-2]
D/KeyguardUpdateMonitor(  486): ACTION_SIM_STATE_CHANGED intent received on sub = 0
D/KeyguardUpdateMonitor(  486): handleSimStateChange: intentValue = UNKNOWN state resolved to UNKNOWN subscription =0
I/ActivityManager(  486): Start proc com.android.launcher for activity com.android.launcher/com.android.launcher2.Launcher: pid=892 uid=10021 gids={1028}
D/CallManager(  767): registerPhone(GSM Handler (com.android.internal.telephony.PhoneProxy) {419f8ce0})
I/ActivityThread(  860): Pub contacts;com.android.contacts: com.android.providers.contacts.ContactsProvider2
D/PhoneInterfaceManager(  767):  Registering for UNSOL OEM HOOK Responses to deliver external apps
D/Bluetooth HS/HF(  767): Version 1.5
E/Trace   (  892): error opening trace file: No such file or directory (2)
D/ActivityThread(  892): setTargetHeapUtilization:0.25
D/ActivityThread(  892): setTargetHeapIdealFree:8388608
D/ActivityThread(  892): setTargetHeapConcurrentStart:2097152
E/MediaPlayer(  698): Uri is  file:///system/media/audio/ui/LowBattery.ogg
E/WVMExtractor(  133): Failed to open libwvm.so
W/QComExtractorFactory(  133): Didn't match the sniff <=== status = 5 
W/QComExtractorFactory(  133): Didn't match the sniff <=== status = 1 
W/QComExtractorFactory(  133): Didn't match the sniff <=== status = 1 
W/QComExtractorFactory(  133): Didn't match the sniff <=== status = 1 
E/MM_OSAL (  133): ValidateAACFile failed
W/QComExtractorFactory(  133): Didn't match the sniff <=== status = 1 
W/QComExtractorFactory(  133): Didn't match the sniff <=== status = 1 
I/DownloadManager(  801): Upgrading downloads database from version 0 to version 108, which will destroy all old data
W/ActivityManager(  486): Unable to start service Intent { act=com.android.ussd.IExtendedNetworkService }: not found
I/ActivityThread(  860): Pub call_log: com.android.providers.contacts.CallLogProvider
I/ActivityThread(  892): Pub com.android.launcher2.settings: com.android.launcher2.LauncherProvider
I/ActivityThread(  860): Pub user_dictionary: com.android.providers.userdictionary.UserDictionaryProvider
D/dalvikvm(  486): WAIT_FOR_CONCURRENT_GC blocked 0ms
D/Ringtone(  698): Successfully created local player
D/CallManager(  767): setAudioMode useInCallMode = false, Baseband = msm
E/OMXNodeInstance(  133): OMX_FreeBuffer for buffer header 0x408d4828 successful
E/OMXNodeInstance(  133): OMX_FreeBuffer for buffer header 0x408d4770 successful
E/OMXNodeInstance(  133): OMX_FreeBuffer for buffer header 0x40020a70 successful
E/OMXNodeInstance(  133): OMX_FreeBuffer for buffer header 0x40020930 successful
E/OMXNodeInstance(  133): OMX_FreeBuffer for buffer header 0x408d4e28 successful
E/OMXNodeInstance(  133): OMX_FreeBuffer for buffer header 0x408d4d00 successful
E/OMXNodeInstance(  133): OMX_FreeBuffer for buffer header 0x408d4bc0 successful
E/OMXNodeInstance(  133): OMX_FreeBuffer for buffer header 0x408d49b0 successful
E/MediaPlayer(  698): Uri is  file:///system/media/audio/ui/LowBattery.ogg
E/WVMExtractor(  133): Failed to open libwvm.so
W/QComExtractorFactory(  133): Didn't match the sniff <=== status = 5 
W/QComExtractorFactory(  133): Didn't match the sniff <=== status = 1 
W/QComExtractorFactory(  133): Didn't match the sniff <=== status = 1 
W/QComExtractorFactory(  133): Didn't match the sniff <=== status = 1 
E/MM_OSAL (  133): ValidateAACFile failed
W/QComExtractorFactory(  133): Didn't match the sniff <=== status = 1 
W/QComExtractorFactory(  133): Didn't match the sniff <=== status = 1 
D/Ringtone(  698): Successfully created local player
D/MediaPlayer(  698): start() mUri is file:///system/media/audio/ui/LowBattery.ogg
D/dalvikvm(  486): GC_EXPLICIT freed 889K, 39% free 10447K/16963K, paused 3ms+5ms, total 72ms
D/BluetoothA2dpService(  486): uri is file:///system/media/audio/ui/LowBattery.oggmUri is null
D/BluetoothA2dpService(  486): PlaySatus is 1
D/BluetoothA2dpService(  486): Metadata received
D/BluetoothA2dpService(  486): Duration 500
D/BluetoothA2dpService(  486): position 0
D/BluetoothA2dpService(  486): playstate is 1
D/BluetoothA2dpService(  486): Exc is java.lang.NullPointerException
D/BluetoothA2dpService(  486): end of parsing mData
E/OMXNodeInstance(  133): OMX_FreeBuffer for buffer header 0x400208c8 successful
E/OMXNodeInstance(  133): OMX_FreeBuffer for buffer header 0x401c9008 successful
E/OMXNodeInstance(  133): OMX_FreeBuffer for buffer header 0x401c9110 successful
E/OMXNodeInstance(  133): OMX_FreeBuffer for buffer header 0x401c9238 successful
W/SignalStrength(  767): Signal before validate=SignalStrength: 99 0 -1 -1 -1 -1 8 99 2147483647 2147483647 2147483647 2147483647 gsm|lte
W/SignalStrength(  767): Signal after validate=SignalStrength: 99 0 -120 -160 -120 -1 8 99 2147483647 2147483647 2147483647 2147483647 gsm|lte
W/SignalStrength(  486): Size of signalstrength parcel:164
W/SignalStrength(  486): getLTELevel - rsrp:2147483647 snr:2147483647 rsrpIconLevel:-1 snrIconLevel:-1
W/SignalStrength(  698): Size of signalstrength parcel:168
W/SignalStrength(  486): getLTELevel - rssi:99 rssiIconLevel:0
W/SignalStrength(  486): getGsmLevel=0
W/SignalStrength(  486): getLevel=0
D/AudioHardwareMSM8660(  133): write(): dec_id = 1 cur_rx = speaker_stereo_rx
D/AudioHardwareMSM8660(  133): value of device and enable is <speaker_stereo_rx> 1 ALSA dev id:2
D/ACDB-LOADER(  133): ACDB -> send_audio_cal, acdb_id = 15, path =  0
D/ACDB-LOADER(  133): ACDB -> send_adm_topology
D/ACDB-LOADER(  133): ACDB -> ACDB_CMD_GET_AUDPROC_COMMON_TOPOLOGY_ID
D/ACDB-LOADER(  133): ACDB -> send_audtable
D/ACDB-LOADER(  133): ACDB -> ACDB_CMD_GET_AUDPROC_COMMON_TABLE
D/ACDB-LOADER(  133): ACDB -> AUDIO_SET_AUDPROC_CAL
D/ACDB-LOADER(  133): ACDB -> send_audvoltable
D/ACDB-LOADER(  133): ACDB -> ACDB_CMD_GET_AUDPROC_GAIN_DEP_VOLTBL_STEP_COPP
D/ACDB-LOADER(  133): ACDB -> AUDIO_SET_AUDPROC_VOL_CAL
D/AudioHardwareMSM8660(  133): addToTable stream 1
D/DebugService(  767): DebugService DebugService:
D/TelephonyDebugService(  767): TelephonyDebugService()
D/Bluetooth HSHFP(  767): Starting BluetoothHeadsetService
V/SipBroadcastReceiver(  767): start auto registration
D/PhoneApp(  767): onIccStatusChanged
D/StatusBar.NetworkController(  698): In updateSimIcon simState= UNKNOWN
D/StatusBar.NetworkController(  698): refreshViews: Data not connected!! Set no data type icon
D/StatusBar.NetworkController(  698): refreshViews connected={ } level=?? combinedSignalIconId=0x0/(null) combinedActivityIconId=0x0 mobileLabel= wifiLabel= emergencyOnly=false combinedLabel= mAirplaneMode=false mDataActivity=0 mPhoneSignalIconId=0x0 mDataDirectionIconId=0x0 mDataSignalIconId=0x0 mDataTypeIconId=0x0 mNoSimIconId=0x0 mWifiIconId=0x0 mBluetoothTetherIconId=0x108054d
D/CAT     (  767): CatService: Running CAT service on Slotid: 0. STK app installed:true
D/CAT     (  767): CatService: New Card State = CARDSTATE_ABSENT Old Card State = CARDSTATE_ABSENT
D/CallManager(  767): unregisterPhone(GSM Handler (com.android.internal.telephony.gsm.GSMPhone) {419f9618})
D/StatusBar.NetworkController(  698): refreshViews: Data not connected!! Set no data type icon
D/StatusBar.NetworkController(  698): refreshViews connected={ } level=?? combinedSignalIconId=0x0/(null) combinedActivityIconId=0x0 mobileLabel= wifiLabel= emergencyOnly=false combinedLabel= mAirplaneMode=false mDataActivity=0 mPhoneSignalIconId=0x0 mDataDirectionIconId=0x0 mDataSignalIconId=0x0 mDataTypeIconId=0x0 mNoSimIconId=0x0 mWifiIconId=0x0 mBluetoothTetherIconId=0x108054d
D/PhoneStatusBarPolicy(  698): updateSimState for subscription :0
D/StatusBar.NetworkController(  698): onServiceStateChanged state=3 home null null null  Unknown CSS not supported -1 -1 mDataState=3 RoamInd=-1 DefRoamInd=-1 EmergOnly=false
D/StatusBar.NetworkController(  698): Combining data service state3for signal
D/StatusBar.NetworkController(  698):  No service
E/StatusBar.NetworkController(  698): updateDataNetType NETWORK_TYPE_UNKNOWN
D/StatusBar.NetworkController(  698): refreshViews: Data not connected!! Set no data type icon
D/StatusBar.NetworkController(  698): refreshViews connected={ } level=?? combinedSignalIconId=0x7f02009b/com.android.systemui:drawable/stat_sys_signal_null combinedActivityIconId=0x0 mobileLabel= wifiLabel= emergencyOnly=false combinedLabel= mAirplaneMode=false mDataActivity=0 mPhoneSignalIconId=0x7f02009b mDataDirectionIconId=0x0 mDataSignalIconId=0x7f02009b mDataTypeIconId=0x0 mNoSimIconId=0x0 mWifiIconId=0x0 mBluetoothTetherIconId=0x108054d
W/SignalStrength(  698): getLTELevel - rsrp:2147483647 snr:2147483647 rsrpIconLevel:-1 snrIconLevel:-1
W/SignalStrength(  698): getLTELevel - rssi:99 rssiIconLevel:0
W/SignalStrength(  698): getGsmLevel=0
W/SignalStrength(  698): getLevel=0
W/SignalStrength(  698): getLTELevel - rsrp:2147483647 snr:2147483647 rsrpIconLevel:-1 snrIconLevel:-1
W/SignalStrength(  698): getLTELevel - rssi:99 rssiIconLevel:0
W/SignalStrength(  698): getGsmLevel=0
W/SignalStrength(  698): getLevel=0
D/StatusBar.NetworkController(  698): onSignalStrengthsChanged signalStrength=SignalStrength: 99 0 -120 -160 -120 -1 8 99 2147483647 2147483647 2147483647 2147483647 gsm|lte level=0
D/StatusBar.NetworkController(  698):  No service
D/StatusBar.NetworkController(  698): refreshViews: Data not connected!! Set no data type icon
D/StatusBar.NetworkController(  698): refreshViews connected={ } level=0 combinedSignalIconId=0x7f02009b/com.android.systemui:drawable/stat_sys_signal_null combinedActivityIconId=0x0 mobileLabel= wifiLabel= emergencyOnly=false combinedLabel= mAirplaneMode=false mDataActivity=0 mPhoneSignalIconId=0x7f02009b mDataDirectionIconId=0x0 mDataSignalIconId=0x7f02009b mDataTypeIconId=0x0 mNoSimIconId=0x0 mWifiIconId=0x0 mBluetoothTetherIconId=0x108054d
D/CallManager(  767): registerPhone(CDMA Handler (com.android.internal.telephony.cdma.CDMAPhone) {41abc020})
D/KeyguardUpdateMonitor(  486): ACTION_SIM_STATE_CHANGED intent received on sub = 0
D/KeyguardUpdateMonitor(  486): handleSimStateChange: intentValue = ABSENT state resolved to ABSENT subscription =0
W/SignalStrength(  698): getLTELevel - rsrp:2147483647 snr:2147483647 rsrpIconLevel:-1 snrIconLevel:-1
W/SignalStrength(  698): getLTELevel - rssi:99 rssiIconLevel:0
W/SignalStrength(  698): getGsmLevel=0
W/SignalStrength(  698): getLevel=0
W/SignalStrength(  698): getLTELevel - rsrp:2147483647 snr:2147483647 rsrpIconLevel:-1 snrIconLevel:-1
W/SignalStrength(  698): getLTELevel - rssi:99 rssiIconLevel:0
W/SignalStrength(  698): getGsmLevel=0
W/SignalStrength(  698): getLevel=0
W/ResourceType(  892): Attempt to retrieve bag 0x7f0d0017 which is invalid or in a cycle.
W/ResourceType(  892): Attempt to retrieve bag 0x7f0d0017 which is invalid or in a cycle.
W/ResourceType(  892): Attempt to retrieve bag 0x7f0d0017 which is invalid or in a cycle.
W/ResourceType(  892): Attempt to retrieve bag 0x7f0d0017 which is invalid or in a cycle.
W/ResourceType(  892): Attempt to retrieve bag 0x7f0d0017 which is invalid or in a cycle.
D/StatusBar.NetworkController(  698): In updateSimIcon simState= ABSENT
D/StatusBar.NetworkController(  698): refreshViews: Data not connected!! Set no data type icon
D/StatusBar.NetworkController(  698): refreshViews connected={ } level=0 combinedSignalIconId=0x7f02009b/com.android.systemui:drawable/stat_sys_signal_null combinedActivityIconId=0x0 mobileLabel= wifiLabel= emergencyOnly=false combinedLabel= mAirplaneMode=false mDataActivity=0 mPhoneSignalIconId=0x7f02009b mDataDirectionIconId=0x0 mDataSignalIconId=0x7f02009b mDataTypeIconId=0x0 mNoSimIconId=0x7f020087 mWifiIconId=0x0 mBluetoothTetherIconId=0x108054d
D/StatusBar.NetworkController(  698): refreshViews: Data not connected!! Set no data type icon
D/StatusBar.NetworkController(  698): refreshViews connected={ } level=0 combinedSignalIconId=0x7f02009b/com.android.systemui:drawable/stat_sys_signal_null combinedActivityIconId=0x0 mobileLabel= wifiLabel= emergencyOnly=false combinedLabel= mAirplaneMode=false mDataActivity=0 mPhoneSignalIconId=0x7f02009b mDataDirectionIconId=0x0 mDataSignalIconId=0x7f02009b mDataTypeIconId=0x0 mNoSimIconId=0x7f020087 mWifiIconId=0x0 mBluetoothTetherIconId=0x108054d
D/PhoneStatusBarPolicy(  698): updateSimState for subscription :0
W/BackupManagerService(  486): dataChanged but no participant pkg='com.android.providers.settings' uid=1001
D/PhoneApp(  767): Radio technology switched. Now CDMA is active.
E/HybridProvider(  486): kvs.containsKey(ENH_LOCATION_SERVICES_ENABLED) returned false
D/HybridProvider(  486): updateSettings invoked from LMS and setting values. Gps:true GNP:false WiFi:false Agps:trueenhLocationServicesSetting: false
D/GpsLocationProvider(  486): Gps MessageHandler. msg.what 12 msg.arg1:2 msg.arg2: 0
D/GpsLocationProvider(  486): handleNativePhoneContextUpdate called. updateType: 2 mRequestContextType: 0 mRequestType: 0
D/GpsLocationProvider(  486): handleNativePhoneContextUpdate. Update obtained before request. Ignoring
D/PhoneApp(  767): onIccStatusChanged
W/SignalStrength(  698): getLTELevel - rsrp:2147483647 snr:2147483647 rsrpIconLevel:-1 snrIconLevel:-1
W/SignalStrength(  698): getLTELevel - rssi:99 rssiIconLevel:0
W/SignalStrength(  698): getGsmLevel=0
W/SignalStrength(  698): getLevel=0
D/StatusBar.NetworkController(  698): onServiceStateChanged state=1 home null null 00000  Unknown CSS not supported 0 0 mDataState=1 RoamInd=1 DefRoamInd=1 EmergOnly=false
D/StatusBar.NetworkController(  698): Combining data service state1for signal
D/StatusBar.NetworkController(  698):  No service
E/StatusBar.NetworkController(  698): updateDataNetType NETWORK_TYPE_UNKNOWN
D/StatusBar.NetworkController(  698): refreshViews: Data not connected!! Set no data type icon
D/StatusBar.NetworkController(  698): refreshViews connected={ } level=0 combinedSignalIconId=0x7f02009b/com.android.systemui:drawable/stat_sys_signal_null combinedActivityIconId=0x0 mobileLabel= wifiLabel= emergencyOnly=false combinedLabel= mAirplaneMode=false mDataActivity=0 mPhoneSignalIconId=0x7f02009b mDataDirectionIconId=0x0 mDataSignalIconId=0x7f02009b mDataTypeIconId=0x0 mNoSimIconId=0x7f020087 mWifiIconId=0x0 mBluetoothTetherIconId=0x108054d
I/ContactsDatabaseHelper(  860): Bootstrapping database version: 704
W/Resources(  892): Converting to int: TypedValue{t=0x3/d=0x12 "4" a=-1}
W/Resources(  892): Converting to int: TypedValue{t=0x3/d=0xf "1" a=-1}
I/SearchManagerService(  486): Building list of searchable activities
W/Resources(  892): Converting to int: TypedValue{t=0x3/d=0x15 "2" a=-1}
W/Resources(  892): Converting to int: TypedValue{t=0x3/d=0x15 "2" a=-1}
I/ContactsProviderV1(  860): Bootstrapping database legacy support
I/Adreno200-EGL(  892): <qeglDrvAPI_eglInitialize:299>: EGL 1.4 QUALCOMM build: AU_LINUX_ANDROID_JB_REL_RB1.04.01.01.06.041_msm8660_surf_JB_REL_RB1.2_Merge_release_AU (Merge)
I/Adreno200-EGL(  892): Build Date: 11/05/12 Mon
I/Adreno200-EGL(  892): Local Branch: mybranch425650
I/Adreno200-EGL(  892): Remote Branch: quic/jb_rel_rb1.2
I/Adreno200-EGL(  892): Local Patches: NONE
I/Adreno200-EGL(  892): Reconstruct Branch: AU_LINUX_ANDROID_JB_REL_RB1.04.01.01.06.041 +  NOTHING
I/ActivityManager(  486): Start proc com.android.deskclock for broadcast com.android.deskclock/com.android.alarmclock.AnalogAppWidgetProvider: pid=967 uid=10011 gids={1028}
W/Launcher.LauncherProvider(  892): Unable to add favorite: com.android.camera/com.android.camera.Camera
W/Launcher.LauncherProvider(  892): android.content.pm.PackageManager$NameNotFoundException: ComponentInfo{com.android.camera/com.android.camera.Camera}
W/Launcher.LauncherProvider(  892): 	at android.app.ApplicationPackageManager.getActivityInfo(ApplicationPackageManager.java:225)
W/Launcher.LauncherProvider(  892): 	at com.android.launcher2.LauncherProvider$DatabaseHelper.addAppShortcut(LauncherProvider.java:924)
W/Launcher.LauncherProvider(  892): 	at com.android.launcher2.LauncherProvider$DatabaseHelper.loadFavorites(LauncherProvider.java:828)
W/Launcher.LauncherProvider(  892): 	at com.android.launcher2.LauncherProvider$DatabaseHelper.access$000(LauncherProvider.java:218)
W/Launcher.LauncherProvider(  892): 	at com.android.launcher2.LauncherProvider.loadDefaultFavoritesIfNecessary(LauncherProvider.java:213)
W/Launcher.LauncherProvider(  892): 	at com.android.launcher2.LauncherModel$LoaderTask.loadWorkspace(LauncherModel.java:1108)
W/Launcher.LauncherProvider(  892): 	at com.android.launcher2.LauncherModel$LoaderTask.loadAndBindWorkspace(LauncherModel.java:852)
W/Launcher.LauncherProvider(  892): 	at com.android.launcher2.LauncherModel$LoaderTask.run(LauncherModel.java:956)
W/Launcher.LauncherProvider(  892): 	at android.os.Handler.handleCallback(Handler.java:615)
W/Launcher.LauncherProvider(  892): 	at android.os.Handler.dispatchMessage(Handler.java:92)
W/Launcher.LauncherProvider(  892): 	at android.os.Looper.loop(Looper.java:137)
W/Launcher.LauncherProvider(  892): 	at android.os.HandlerThread.run(HandlerThread.java:60)
E/Trace   (  967): error opening trace file: No such file or directory (2)
D/ActivityThread(  967): setTargetHeapUtilization:0.25
D/ActivityThread(  967): setTargetHeapIdealFree:8388608
D/ActivityThread(  967): setTargetHeapConcurrentStart:2097152
I/ActivityThread(  967): Pub com.android.deskclock: com.android.deskclock.AlarmProvider
I/ActivityManager(  486): Displayed com.android.launcher/com.android.launcher2.Launcher: +1s270ms (total +1s835ms)
D/dalvikvm(  698): GC_CONCURRENT freed 6154K, 35% free 15245K/23239K, paused 15ms+8ms, total 73ms
W/MediaPlayer-JNI(  698): MediaPlayer finalized without being released
E/OMXNodeInstance(  133): OMX_FreeBuffer for buffer header 0x40020740 successful
E/OMXNodeInstance(  133): OMX_FreeBuffer for buffer header 0x40020688 successful
E/OMXNodeInstance(  133): OMX_FreeBuffer for buffer header 0x402d8dd0 successful
E/OMXNodeInstance(  133): OMX_FreeBuffer for buffer header 0x402d8c48 successful
E/OMXNodeInstance(  133): OMX_FreeBuffer for buffer header 0x40020a10 successful
E/OMXNodeInstance(  133): OMX_FreeBuffer for buffer header 0x401c9cc0 successful
E/OMXNodeInstance(  133): OMX_FreeBuffer for buffer header 0x4001eb48 successful
E/OMXNodeInstance(  133): OMX_FreeBuffer for buffer header 0x4001efe0 successful
D/PowerManagerService(  486): bootCompleted
I/ActivityManager(  486): Start proc com.android.contacts for broadcast com.android.contacts/.calllog.CallLogReceiver: pid=985 uid=10000 gids={3003, 1015, 1028}
V/DevicePolicyManagerService(  486): Sending password expiration notifications for action android.intent.action.BOOT_COMPLETED
D/VoldCmdListener(  124): volume mount /storage/sdcard0
D/DirectVolume(  124): getDeviceNodes: 1 partions
I/Vold    (  124): /dev/block/vold/179:33 being considered for volume sdcard
D/Vold    (  124): Volume sdcard state changing 1 (Idle-Unmounted) -> 3 (Checking)
D/MountService(  486): volume state changed for /storage/sdcard0 (unmounted -> checking)
D/MountService(  486): sendStorageIntent Intent { act=android.intent.action.MEDIA_CHECKING dat=file:///storage/sdcard0 (has extras) }
E/Trace   (  985): error opening trace file: No such file or directory (2)
E/WVMExtractor(  133): Failed to open libwvm.so
W/QComExtractorFactory(  133): Didn't match the sniff <=== status = 5 
W/QComExtractorFactory(  133): Didn't match the sniff <=== status = 1 
W/QComExtractorFactory(  133): Didn't match the sniff <=== status = 1 
W/QComExtractorFactory(  133): Didn't match the sniff <=== status = 1 
E/MM_OSAL (  133): ValidateAACFile failed
W/QComExtractorFactory(  133): Didn't match the sniff <=== status = 1 
W/QComExtractorFactory(  133): Didn't match the sniff <=== status = 1 
D/ActivityThread(  985): setTargetHeapUtilization:0.25
D/ActivityThread(  985): setTargetHeapIdealFree:8388608
D/ActivityThread(  985): setTargetHeapConcurrentStart:2097152
V/WiredAccessoryObserver(  486): init()
E/OMXNodeInstance(  133): OMX_FreeBuffer for buffer header 0x402d84e8 successful
E/OMXNodeInstance(  133): OMX_FreeBuffer for buffer header 0x402d86f8 successful
E/OMXNodeInstance(  133): OMX_FreeBuffer for buffer header 0x402d8838 successful
E/OMXNodeInstance(  133): OMX_FreeBuffer for buffer header 0x402d8960 successful
E/OMXNodeInstance(  133): OMX_FreeBuffer for buffer header 0x402d8d20 successful
E/OMXNodeInstance(  133): OMX_FreeBuffer for buffer header 0x402d8c68 successful
E/OMXNodeInstance(  133): OMX_FreeBuffer for buffer header 0x402d8b98 successful
E/OMXNodeInstance(  133): OMX_FreeBuffer for buffer header 0x4039fc88 successful
E/OMXNodeInstance(  133): OMX_FreeBuffer for buffer header 0x40022ae0 successful
E/OMXNodeInstance(  133): OMX_FreeBuffer for buffer header 0x400229b8 successful
E/OMXNodeInstance(  133): OMX_FreeBuffer for buffer header 0x40022878 successful
E/OMXNodeInstance(  133): OMX_FreeBuffer for buffer header 0x402d8d78 successful
E/WVMExtractor(  133): Failed to open libwvm.so
W/QComExtractorFactory(  133): Didn't match the sniff <=== status = 5 
W/QComExtractorFactory(  133): Didn't match the sniff <=== status = 1 
W/QComExtractorFactory(  133): Didn't match the sniff <=== status = 1 
W/QComExtractorFactory(  133): Didn't match the sniff <=== status = 1 
E/MM_OSAL (  133): ValidateAACFile failed
W/QComExtractorFactory(  133): Didn't match the sniff <=== status = 1 
W/QComExtractorFactory(  133): Didn't match the sniff <=== status = 1 
I/PackageManager(  486): Updating external media status from unmounted to unmounted
