W/QComExtractorFactory(  133): Didn't match the sniff <=== status = 1 
W/QComExtractorFactory(  133): Didn't match the sniff <=== status = 1 
E/WVMExtractor(  133): Failed to open libwvm.so
W/QComExtractorFactory(  133): Didn't match the sniff <=== status = 5 
W/QComExtractorFactory(  133): Didn't match the sniff <=== status = 1 
W/QComExtractorFactory(  133): Didn't match the sniff <=== status = 1 
W/QComExtractorFactory(  133): Didn't match the sniff <=== status = 1 
E/MM_OSAL (  133): ValidateAACFile failed
W/QComExtractorFactory(  133): Didn't match the sniff <=== status = 1 
W/QComExtractorFactory(  133): Didn't match the sniff <=== status = 1 
E/WVMExtractor(  133): Failed to open libwvm.so
W/QComExtractorFactory(  133): Didn't match the sniff <=== status = 5 
W/QComExtractorFactory(  133): Didn't match the sniff <=== status = 1 
W/QComExtractorFactory(  133): Didn't match the sniff <=== status = 1 
W/QComExtractorFactory(  133): Didn't match the sniff <=== status = 1 
E/MM_OSAL (  133): ValidateAACFile failed
W/QComExtractorFactory(  133): Didn't match the sniff <=== status = 1 
W/QComExtractorFactory(  133): Didn't match the sniff <=== status = 1 
E/WVMExtractor(  133): Failed to open libwvm.so
W/QComExtractorFactory(  133): Didn't match the sniff <=== status = 5 
W/QComExtractorFactory(  133): Didn't match the sniff <=== status = 1 
W/QComExtractorFactory(  133): Didn't match the sniff <=== status = 1 
W/QComExtractorFactory(  133): Didn't match the sniff <=== status = 1 
E/MM_OSAL (  133): ValidateAACFile failed
W/QComExtractorFactory(  133): Didn't match the sniff <=== status = 1 
W/QComExtractorFactory(  133): Didn't match the sniff <=== status = 1 
E/WVMExtractor(  133): Failed to open libwvm.so
W/QComExtractorFactory(  133): Didn't match the sniff <=== status = 5 
W/QComExtractorFactory(  133): Didn't match the sniff <=== status = 1 
W/QComExtractorFactory(  133): Didn't match the sniff <=== status = 1 
W/QComExtractorFactory(  133): Didn't match the sniff <=== status = 1 
E/MM_OSAL (  133): ValidateAACFile failed
W/QComExtractorFactory(  133): Didn't match the sniff <=== status = 1 
W/QComExtractorFactory(  133): Didn't match the sniff <=== status = 1 
E/WVMExtractor(  133): Failed to open libwvm.so
W/QComExtractorFactory(  133): Didn't match the sniff <=== status = 5 
W/QComExtractorFactory(  133): Didn't match the sniff <=== status = 1 
W/QComExtractorFactory(  133): Didn't match the sniff <=== status = 1 
W/QComExtractorFactory(  133): Didn't match the sniff <=== status = 1 
E/MM_OSAL (  133): ValidateAACFile failed
W/QComExtractorFactory(  133): Didn't match the sniff <=== status = 1 
W/QComExtractorFactory(  133): Didn't match the sniff <=== status = 1 
E/WVMExtractor(  133): Failed to open libwvm.so
W/QComExtractorFactory(  133): Didn't match the sniff <=== status = 5 
W/QComExtractorFactory(  133): Didn't match the sniff <=== status = 1 
W/QComExtractorFactory(  133): Didn't match the sniff <=== status = 1 
W/QComExtractorFactory(  133): Didn't match the sniff <=== status = 1 
E/MM_OSAL (  133): ValidateAACFile failed
W/QComExtractorFactory(  133): Didn't match the sniff <=== status = 1 
W/QComExtractorFactory(  133): Didn't match the sniff <=== status = 1 
E/WVMExtractor(  133): Failed to open libwvm.so
W/QComExtractorFactory(  133): Didn't match the sniff <=== status = 5 
W/QComExtractorFactory(  133): Didn't match the sniff <=== status = 1 
W/QComExtractorFactory(  133): Didn't match the sniff <=== status = 1 
W/QComExtractorFactory(  133): Didn't match the sniff <=== status = 1 
E/MM_OSAL (  133): ValidateAACFile failed
W/QComExtractorFactory(  133): Didn't match the sniff <=== status = 1 
W/QComExtractorFactory(  133): Didn't match the sniff <=== status = 1 
E/WVMExtractor(  133): Failed to open libwvm.so
W/QComExtractorFactory(  133): Didn't match the sniff <=== status = 5 
W/QComExtractorFactory(  133): Didn't match the sniff <=== status = 1 
W/QComExtractorFactory(  133): Didn't match the sniff <=== status = 1 
W/QComExtractorFactory(  133): Didn't match the sniff <=== status = 1 
E/MM_OSAL (  133): ValidateAACFile failed
W/QComExtractorFactory(  133): Didn't match the sniff <=== status = 1 
W/QComExtractorFactory(  133): Didn't match the sniff <=== status = 1 
E/WVMExtractor(  133): Failed to open libwvm.so
W/QComExtractorFactory(  133): Didn't match the sniff <=== status = 5 
W/QComExtractorFactory(  133): Didn't match the sniff <=== status = 1 
W/QComExtractorFactory(  133): Didn't match the sniff <=== status = 1 
W/QComExtractorFactory(  133): Didn't match the sniff <=== status = 1 
E/MM_OSAL (  133): ValidateAACFile failed
W/QComExtractorFactory(  133): Didn't match the sniff <=== status = 1 
W/QComExtractorFactory(  133): Didn't match the sniff <=== status = 1 
E/WVMExtractor(  133): Failed to open libwvm.so
W/QComExtractorFactory(  133): Didn't match the sniff <=== status = 5 
W/QComExtractorFactory(  133): Didn't match the sniff <=== status = 1 
W/QComExtractorFactory(  133): Didn't match the sniff <=== status = 1 
W/QComExtractorFactory(  133): Didn't match the sniff <=== status = 1 
E/MM_OSAL (  133): ValidateAACFile failed
W/QComExtractorFactory(  133): Didn't match the sniff <=== status = 1 
W/QComExtractorFactory(  133): Didn't match the sniff <=== status = 1 
E/WVMExtractor(  133): Failed to open libwvm.so
W/QComExtractorFactory(  133): Didn't match the sniff <=== status = 5 
W/QComExtractorFactory(  133): Didn't match the sniff <=== status = 1 
W/QComExtractorFactory(  133): Didn't match the sniff <=== status = 1 
W/QComExtractorFactory(  133): Didn't match the sniff <=== status = 1 
E/MM_OSAL (  133): ValidateAACFile failed
W/QComExtractorFactory(  133): Didn't match the sniff <=== status = 1 
W/QComExtractorFactory(  133): Didn't match the sniff <=== status = 1 
E/WVMExtractor(  133): Failed to open libwvm.so
W/QComExtractorFactory(  133): Didn't match the sniff <=== status = 5 
W/QComExtractorFactory(  133): Didn't match the sniff <=== status = 1 
W/QComExtractorFactory(  133): Didn't match the sniff <=== status = 1 
W/QComExtractorFactory(  133): Didn't match the sniff <=== status = 1 
E/MM_OSAL (  133): ValidateAACFile failed
W/QComExtractorFactory(  133): Didn't match the sniff <=== status = 1 
W/QComExtractorFactory(  133): Didn't match the sniff <=== status = 1 
D/AudioHardwareMSM8660(  133): AudioStreamOutMSM8x60::standby()
D/AudioHardwareMSM8660(  133): Deroute pcm stream
D/AudioHardwareMSM8660(  133): deleteFromTable stream 1
D/AudioHardwareMSM8660(  133): value of device and enable is <speaker_stereo_rx> 0 ALSA dev id:2
E/WVMExtractor(  133): Failed to open libwvm.so
W/QComExtractorFactory(  133): Didn't match the sniff <=== status = 5 
W/QComExtractorFactory(  133): Didn't match the sniff <=== status = 1 
W/QComExtractorFactory(  133): Didn't match the sniff <=== status = 1 
W/QComExtractorFactory(  133): Didn't match the sniff <=== status = 1 
E/MM_OSAL (  133): ValidateAACFile failed
W/QComExtractorFactory(  133): Didn't match the sniff <=== status = 1 
W/QComExtractorFactory(  133): Didn't match the sniff <=== status = 1 
E/WVMExtractor(  133): Failed to open libwvm.so
W/QComExtractorFactory(  133): Didn't match the sniff <=== status = 5 
W/QComExtractorFactory(  133): Didn't match the sniff <=== status = 1 
W/QComExtractorFactory(  133): Didn't match the sniff <=== status = 1 
W/QComExtractorFactory(  133): Didn't match the sniff <=== status = 1 
E/MM_OSAL (  133): ValidateAACFile failed
W/QComExtractorFactory(  133): Didn't match the sniff <=== status = 1 
W/QComExtractorFactory(  133): Didn't match the sniff <=== status = 1 
E/WVMExtractor(  133): Failed to open libwvm.so
W/QComExtractorFactory(  133): Didn't match the sniff <=== status = 5 
W/QComExtractorFactory(  133): Didn't match the sniff <=== status = 1 
W/QComExtractorFactory(  133): Didn't match the sniff <=== status = 1 
W/QComExtractorFactory(  133): Didn't match the sniff <=== status = 1 
E/MM_OSAL (  133): ValidateAACFile failed
W/QComExtractorFactory(  133): Didn't match the sniff <=== status = 1 
W/QComExtractorFactory(  133): Didn't match the sniff <=== status = 1 
D/dalvikvm(  486): WAIT_FOR_CONCURRENT_GC blocked 0ms
D/dalvikvm(  486): GC_EXPLICIT freed 603K, 38% free 10651K/16963K, paused 2ms+4ms, total 51ms
E/WVMExtractor(  133): Failed to open libwvm.so
W/QComExtractorFactory(  133): Didn't match the sniff <=== status = 5 
W/QComExtractorFactory(  133): Didn't match the sniff <=== status = 1 
W/QComExtractorFactory(  133): Didn't match the sniff <=== status = 1 
W/QComExtractorFactory(  133): Didn't match the sniff <=== status = 1 
E/MM_OSAL (  133): ValidateAACFile failed
W/QComExtractorFactory(  133): Didn't match the sniff <=== status = 1 
W/QComExtractorFactory(  133): Didn't match the sniff <=== status = 1 
D/PhoneStatusBar(  698): addNotification score=-10
E/WVMExtractor(  133): Failed to open libwvm.so
W/QComExtractorFactory(  133): Didn't match the sniff <=== status = 5 
W/QComExtractorFactory(  133): Didn't match the sniff <=== status = 1 
W/QComExtractorFactory(  133): Didn't match the sniff <=== status = 1 
W/QComExtractorFactory(  133): Didn't match the sniff <=== status = 1 
E/MM_OSAL (  133): ValidateAACFile failed
W/QComExtractorFactory(  133): Didn't match the sniff <=== status = 1 
W/QComExtractorFactory(  133): Didn't match the sniff <=== status = 1 
I/StorageNotification(  698): UMS connection changed to true (media state nofs)
D/SizeAdaptiveLayout(  698): com.android.internal.widget.SizeAdaptiveLayout@419bad98child view android.widget.FrameLayout@419f3c00 measured out of bounds at 95px clamped to 96px
D/PhoneStatusBar(  698): addNotification score=0
D/SizeAdaptiveLayout(  698): com.android.internal.widget.SizeAdaptiveLayout@41de9898child view android.widget.FrameLayout@41deb1b8 measured out of bounds at 95px clamped to 96px
E/WVMExtractor(  133): Failed to open libwvm.so
W/QComExtractorFactory(  133): Didn't match the sniff <=== status = 5 
W/QComExtractorFactory(  133): Didn't match the sniff <=== status = 1 
W/QComExtractorFactory(  133): Didn't match the sniff <=== status = 1 
W/QComExtractorFactory(  133): Didn't match the sniff <=== status = 1 
E/MM_OSAL (  133): ValidateAACFile failed
W/QComExtractorFactory(  133): Didn't match the sniff <=== status = 1 
W/QComExtractorFactory(  133): Didn't match the sniff <=== status = 1 
E/WVMExtractor(  133): Failed to open libwvm.so
W/QComExtractorFactory(  133): Didn't match the sniff <=== status = 5 
W/QComExtractorFactory(  133): Didn't match the sniff <=== status = 1 
W/QComExtractorFactory(  133): Didn't match the sniff <=== status = 1 
W/QComExtractorFactory(  133): Didn't match the sniff <=== status = 1 
E/MM_OSAL (  133): ValidateAACFile failed
W/QComExtractorFactory(  133): Didn't match the sniff <=== status = 1 
W/QComExtractorFactory(  133): Didn't match the sniff <=== status = 1 
E/WVMExtractor(  133): Failed to open libwvm.so
W/QComExtractorFactory(  133): Didn't match the sniff <=== status = 5 
W/QComExtractorFactory(  133): Didn't match the sniff <=== status = 1 
W/QComExtractorFactory(  133): Didn't match the sniff <=== status = 1 
W/QComExtractorFactory(  133): Didn't match the sniff <=== status = 1 
E/MM_OSAL (  133): ValidateAACFile failed
W/QComExtractorFactory(  133): Didn't match the sniff <=== status = 1 
W/QComExtractorFactory(  133): Didn't match the sniff <=== status = 1 
I/StorageNotification(  698): UMS connection changed to true (media state nofs)
E/WVMExtractor(  133): Failed to open libwvm.so
W/QComExtractorFactory(  133): Didn't match the sniff <=== status = 5 
W/QComExtractorFactory(  133): Didn't match the sniff <=== status = 1 
W/QComExtractorFactory(  133): Didn't match the sniff <=== status = 1 
W/QComExtractorFactory(  133): Didn't match the sniff <=== status = 1 
E/MM_OSAL (  133): ValidateAACFile failed
W/QComExtractorFactory(  133): Didn't match the sniff <=== status = 1 
W/QComExtractorFactory(  133): Didn't match the sniff <=== status = 1 
D/SizeAdaptiveLayout(  698): com.android.internal.widget.SizeAdaptiveLayout@41de9898child view android.widget.FrameLayout@41deb1b8 measured out of bounds at 95px clamped to 96px
E/WVMExtractor(  133): Failed to open libwvm.so
W/QComExtractorFactory(  133): Didn't match the sniff <=== status = 5 
W/QComExtractorFactory(  133): Didn't match the sniff <=== status = 1 
W/QComExtractorFactory(  133): Didn't match the sniff <=== status = 1 
W/QComExtractorFactory(  133): Didn't match the sniff <=== status = 1 
E/MM_OSAL (  133): ValidateAACFile failed
W/QComExtractorFactory(  133): Didn't match the sniff <=== status = 1 
W/QComExtractorFactory(  133): Didn't match the sniff <=== status = 1 
E/WVMExtractor(  133): Failed to open libwvm.so
W/QComExtractorFactory(  133): Didn't match the sniff <=== status = 5 
W/QComExtractorFactory(  133): Didn't match the sniff <=== status = 1 
W/QComExtractorFactory(  133): Didn't match the sniff <=== status = 1 
W/QComExtractorFactory(  133): Didn't match the sniff <=== status = 1 
E/MM_OSAL (  133): ValidateAACFile failed
W/QComExtractorFactory(  133): Didn't match the sniff <=== status = 1 
W/QComExtractorFactory(  133): Didn't match the sniff <=== status = 1 
E/WVMExtractor(  133): Failed to open libwvm.so
W/QComExtractorFactory(  133): Didn't match the sniff <=== status = 5 
W/QComExtractorFactory(  133): Didn't match the sniff <=== status = 1 
W/QComExtractorFactory(  133): Didn't match the sniff <=== status = 1 
W/QComExtractorFactory(  133): Didn't match the sniff <=== status = 1 
E/MM_OSAL (  133): ValidateAACFile failed
W/QComExtractorFactory(  133): Didn't match the sniff <=== status = 1 
W/QComExtractorFactory(  133): Didn't match the sniff <=== status = 1 
E/WVMExtractor(  133): Failed to open libwvm.so
W/QComExtractorFactory(  133): Didn't match the sniff <=== status = 5 
W/QComExtractorFactory(  133): Didn't match the sniff <=== status = 1 
W/QComExtractorFactory(  133): Didn't match the sniff <=== status = 1 
W/QComExtractorFactory(  133): Didn't match the sniff <=== status = 1 
E/MM_OSAL (  133): ValidateAACFile failed
W/QComExtractorFactory(  133): Didn't match the sniff <=== status = 1 
W/QComExtractorFactory(  133): Didn't match the sniff <=== status = 1 
E/WVMExtractor(  133): Failed to open libwvm.so
W/QComExtractorFactory(  133): Didn't match the sniff <=== status = 5 
W/QComExtractorFactory(  133): Didn't match the sniff <=== status = 1 
W/QComExtractorFactory(  133): Didn't match the sniff <=== status = 1 
W/QComExtractorFactory(  133): Didn't match the sniff <=== status = 1 
E/MM_OSAL (  133): ValidateAACFile failed
W/QComExtractorFactory(  133): Didn't match the sniff <=== status = 1 
W/QComExtractorFactory(  133): Didn't match the sniff <=== status = 1 
E/WVMExtractor(  133): Failed to open libwvm.so
W/QComExtractorFactory(  133): Didn't match the sniff <=== status = 5 
W/QComExtractorFactory(  133): Didn't match the sniff <=== status = 1 
W/QComExtractorFactory(  133): Didn't match the sniff <=== status = 1 
W/QComExtractorFactory(  133): Didn't match the sniff <=== status = 1 
E/MM_OSAL (  133): ValidateAACFile failed
W/QComExtractorFactory(  133): Didn't match the sniff <=== status = 1 
W/QComExtractorFactory(  133): Didn't match the sniff <=== status = 1 
E/WVMExtractor(  133): Failed to open libwvm.so
W/QComExtractorFactory(  133): Didn't match the sniff <=== status = 5 
W/QComExtractorFactory(  133): Didn't match the sniff <=== status = 1 
W/QComExtractorFactory(  133): Didn't match the sniff <=== status = 1 
W/QComExtractorFactory(  133): Didn't match the sniff <=== status = 1 
E/MM_OSAL (  133): ValidateAACFile failed
W/QComExtractorFactory(  133): Didn't match the sniff <=== status = 1 
W/QComExtractorFactory(  133): Didn't match the sniff <=== status = 1 
E/WVMExtractor(  133): Failed to open libwvm.so
W/QComExtractorFactory(  133): Didn't match the sniff <=== status = 5 
W/QComExtractorFactory(  133): Didn't match the sniff <=== status = 1 
W/QComExtractorFactory(  133): Didn't match the sniff <=== status = 1 
W/QComExtractorFactory(  133): Didn't match the sniff <=== status = 1 
E/MM_OSAL (  133): ValidateAACFile failed
W/QComExtractorFactory(  133): Didn't match the sniff <=== status = 1 
W/QComExtractorFactory(  133): Didn't match the sniff <=== status = 1 
E/WVMExtractor(  133): Failed to open libwvm.so
W/QComExtractorFactory(  133): Didn't match the sniff <=== status = 5 
W/QComExtractorFactory(  133): Didn't match the sniff <=== status = 1 
W/QComExtractorFactory(  133): Didn't match the sniff <=== status = 1 
W/QComExtractorFactory(  133): Didn't match the sniff <=== status = 1 
E/MM_OSAL (  133): ValidateAACFile failed
W/QComExtractorFactory(  133): Didn't match the sniff <=== status = 1 
W/QComExtractorFactory(  133): Didn't match the sniff <=== status = 1 
E/WVMExtractor(  133): Failed to open libwvm.so
W/QComExtractorFactory(  133): Didn't match the sniff <=== status = 5 
W/QComExtractorFactory(  133): Didn't match the sniff <=== status = 1 
W/QComExtractorFactory(  133): Didn't match the sniff <=== status = 1 
W/QComExtractorFactory(  133): Didn't match the sniff <=== status = 1 
E/MM_OSAL (  133): ValidateAACFile failed
W/QComExtractorFactory(  133): Didn't match the sniff <=== status = 1 
W/QComExtractorFactory(  133): Didn't match the sniff <=== status = 1 
E/WVMExtractor(  133): Failed to open libwvm.so
W/QComExtractorFactory(  133): Didn't match the sniff <=== status = 5 
W/QComExtractorFactory(  133): Didn't match the sniff <=== status = 1 
W/QComExtractorFactory(  133): Didn't match the sniff <=== status = 1 
W/QComExtractorFactory(  133): Didn't match the sniff <=== status = 1 
E/MM_OSAL (  133): ValidateAACFile failed
W/QComExtractorFactory(  133): Didn't match the sniff <=== status = 1 
W/QComExtractorFactory(  133): Didn't match the sniff <=== status = 1 
E/WVMExtractor(  133): Failed to open libwvm.so
W/QComExtractorFactory(  133): Didn't match the sniff <=== status = 5 
W/QComExtractorFactory(  133): Didn't match the sniff <=== status = 1 
W/QComExtractorFactory(  133): Didn't match the sniff <=== status = 1 
W/QComExtractorFactory(  133): Didn't match the sniff <=== status = 1 
E/MM_OSAL (  133): ValidateAACFile failed
W/QComExtractorFactory(  133): Didn't match the sniff <=== status = 1 
W/QComExtractorFactory(  133): Didn't match the sniff <=== status = 1 
D/AudioHardwareMSM8660(  133): write(): dec_id = 1 cur_rx = speaker_stereo_rx
D/AudioHardwareMSM8660(  133): value of device and enable is <speaker_stereo_rx> 1 ALSA dev id:2
E/WVMExtractor(  133): Failed to open libwvm.so
W/QComExtractorFactory(  133): Didn't match the sniff <=== status = 5 
W/QComExtractorFactory(  133): Didn't match the sniff <=== status = 1 
W/QComExtractorFactory(  133): Didn't match the sniff <=== status = 1 
W/QComExtractorFactory(  133): Didn't match the sniff <=== status = 1 
E/MM_OSAL (  133): ValidateAACFile failed
W/QComExtractorFactory(  133): Didn't match the sniff <=== status = 1 
W/QComExtractorFactory(  133): Didn't match the sniff <=== status = 1 
E/WVMExtractor(  133): Failed to open libwvm.so
W/QComExtractorFactory(  133): Didn't match the sniff <=== status = 5 
W/QComExtractorFactory(  133): Didn't match the sniff <=== status = 1 
W/QComExtractorFactory(  133): Didn't match the sniff <=== status = 1 
W/QComExtractorFactory(  133): Didn't match the sniff <=== status = 1 
E/MM_OSAL (  133): ValidateAACFile failed
W/QComExtractorFactory(  133): Didn't match the sniff <=== status = 1 
W/QComExtractorFactory(  133): Didn't match the sniff <=== status = 1 
D/ACDB-LOADER(  133): ACDB -> send_audio_cal, acdb_id = 15, path =  0
D/ACDB-LOADER(  133): ACDB -> send_adm_topology
D/ACDB-LOADER(  133): ACDB -> ACDB_CMD_GET_AUDPROC_COMMON_TOPOLOGY_ID
D/ACDB-LOADER(  133): ACDB -> send_audtable
D/ACDB-LOADER(  133): ACDB -> ACDB_CMD_GET_AUDPROC_COMMON_TABLE
D/ACDB-LOADER(  133): ACDB -> AUDIO_SET_AUDPROC_CAL
D/ACDB-LOADER(  133): ACDB -> send_audvoltable
D/ACDB-LOADER(  133): ACDB -> ACDB_CMD_GET_AUDPROC_GAIN_DEP_VOLTBL_STEP_COPP
D/ACDB-LOADER(  133): ACDB -> AUDIO_SET_AUDPROC_VOL_CAL
D/AudioHardwareMSM8660(  133): addToTable stream 1
E/WVMExtractor(  133): Failed to open libwvm.so
W/QComExtractorFactory(  133): Didn't match the sniff <=== status = 5 
W/QComExtractorFactory(  133): Didn't match the sniff <=== status = 1 
W/QComExtractorFactory(  133): Didn't match the sniff <=== status = 1 
W/QComExtractorFactory(  133): Didn't match the sniff <=== status = 1 
E/MM_OSAL (  133): ValidateAACFile failed
W/QComExtractorFactory(  133): Didn't match the sniff <=== status = 1 
W/QComExtractorFactory(  133): Didn't match the sniff <=== status = 1 
D/GpsLocationProvider(  486): updateBatteryStatus invoked and setting values. isBatteryCharging: true
D/GpsLocationProvider(  486): Gps MessageHandler. msg.what 12 msg.arg1:2 msg.arg2: 0
D/GpsLocationProvider(  486): handleNativePhoneContextUpdate called. updateType: 2 mRequestContextType: 0 mRequestType: 0
D/GpsLocationProvider(  486): handleNativePhoneContextUpdate. Update obtained before request. Ignoring
E/WVMExtractor(  133): Failed to open libwvm.so
W/QComExtractorFactory(  133): Didn't match the sniff <=== status = 5 
W/QComExtractorFactory(  133): Didn't match the sniff <=== status = 1 
W/QComExtractorFactory(  133): Didn't match the sniff <=== status = 1 
W/QComExtractorFactory(  133): Didn't match the sniff <=== status = 1 
E/MM_OSAL (  133): ValidateAACFile failed
W/QComExtractorFactory(  133): Didn't match the sniff <=== status = 1 
W/QComExtractorFactory(  133): Didn't match the sniff <=== status = 1 
W/PowerUI (  698): unknown intent: Intent { act=android.intent.action.ACTION_POWER_CONNECTED flg=0x8000010 }
E/WVMExtractor(  133): Failed to open libwvm.so
W/QComExtractorFactory(  133): Didn't match the sniff <=== status = 5 
W/QComExtractorFactory(  133): Didn't match the sniff <=== status = 1 
W/QComExtractorFactory(  133): Didn't match the sniff <=== status = 1 
W/QComExtractorFactory(  133): Didn't match the sniff <=== status = 1 
E/MM_OSAL (  133): ValidateAACFile failed
W/QComExtractorFactory(  133): Didn't match the sniff <=== status = 1 
W/QComExtractorFactory(  133): Didn't match the sniff <=== status = 1 
E/WVMExtractor(  133): Failed to open libwvm.so
W/QComExtractorFactory(  133): Didn't match the sniff <=== status = 5 
W/QComExtractorFactory(  133): Didn't match the sniff <=== status = 1 
W/QComExtractorFactory(  133): Didn't match the sniff <=== status = 1 
W/QComExtractorFactory(  133): Didn't match the sniff <=== status = 1 
E/MM_OSAL (  133): ValidateAACFile failed
W/QComExtractorFactory(  133): Didn't match the sniff <=== status = 1 
W/QComExtractorFactory(  133): Didn't match the sniff <=== status = 1 
E/WVMExtractor(  133): Failed to open libwvm.so
W/QComExtractorFactory(  133): Didn't match the sniff <=== status = 5 
W/QComExtractorFactory(  133): Didn't match the sniff <=== status = 1 
W/QComExtractorFactory(  133): Didn't match the sniff <=== status = 1 
W/QComExtractorFactory(  133): Didn't match the sniff <=== status = 1 
E/MM_OSAL (  133): ValidateAACFile failed
W/QComExtractorFactory(  133): Didn't match the sniff <=== status = 1 
W/QComExtractorFactory(  133): Didn't match the sniff <=== status = 1 
E/WVMExtractor(  133): Failed to open libwvm.so
W/QComExtractorFactory(  133): Didn't match the sniff <=== status = 5 
W/QComExtractorFactory(  133): Didn't match the sniff <=== status = 1 
W/QComExtractorFactory(  133): Didn't match the sniff <=== status = 1 
W/QComExtractorFactory(  133): Didn't match the sniff <=== status = 1 
E/MM_OSAL (  133): ValidateAACFile failed
W/QComExtractorFactory(  133): Didn't match the sniff <=== status = 1 
W/QComExtractorFactory(  133): Didn't match the sniff <=== status = 1 
E/WVMExtractor(  133): Failed to open libwvm.so
W/QComExtractorFactory(  133): Didn't match the sniff <=== status = 5 
W/QComExtractorFactory(  133): Didn't match the sniff <=== status = 1 
W/QComExtractorFactory(  133): Didn't match the sniff <=== status = 1 
W/QComExtractorFactory(  133): Didn't match the sniff <=== status = 1 
E/MM_OSAL (  133): ValidateAACFile failed
W/QComExtractorFactory(  133): Didn't match the sniff <=== status = 1 
W/QComExtractorFactory(  133): Didn't match the sniff <=== status = 1 
E/WVMExtractor(  133): Failed to open libwvm.so
W/QComExtractorFactory(  133): Didn't match the sniff <=== status = 5 
W/QComExtractorFactory(  133): Didn't match the sniff <=== status = 1 
W/QComExtractorFactory(  133): Didn't match the sniff <=== status = 1 
W/QComExtractorFactory(  133): Didn't match the sniff <=== status = 1 
E/MM_OSAL (  133): ValidateAACFile failed
W/QComExtractorFactory(  133): Didn't match the sniff <=== status = 1 
W/QComExtractorFactory(  133): Didn't match the sniff <=== status = 1 
E/WVMExtractor(  133): Failed to open libwvm.so
W/QComExtractorFactory(  133): Didn't match the sniff <=== status = 5 
W/QComExtractorFactory(  133): Didn't match the sniff <=== status = 1 
W/QComExtractorFactory(  133): Didn't match the sniff <=== status = 1 
W/QComExtractorFactory(  133): Didn't match the sniff <=== status = 1 
E/MM_OSAL (  133): ValidateAACFile failed
W/QComExtractorFactory(  133): Didn't match the sniff <=== status = 1 
W/QComExtractorFactory(  133): Didn't match the sniff <=== status = 1 
E/WVMExtractor(  133): Failed to open libwvm.so
W/QComExtractorFactory(  133): Didn't match the sniff <=== status = 5 
W/QComExtractorFactory(  133): Didn't match the sniff <=== status = 1 
W/QComExtractorFactory(  133): Didn't match the sniff <=== status = 1 
W/QComExtractorFactory(  133): Didn't match the sniff <=== status = 1 
E/MM_OSAL (  133): ValidateAACFile failed
W/QComExtractorFactory(  133): Didn't match the sniff <=== status = 1 
W/QComExtractorFactory(  133): Didn't match the sniff <=== status = 1 
E/WVMExtractor(  133): Failed to open libwvm.so
W/QComExtractorFactory(  133): Didn't match the sniff <=== status = 5 
W/QComExtractorFactory(  133): Didn't match the sniff <=== status = 1 
W/QComExtractorFactory(  133): Didn't match the sniff <=== status = 1 
W/QComExtractorFactory(  133): Didn't match the sniff <=== status = 1 
E/MM_OSAL (  133): ValidateAACFile failed
W/QComExtractorFactory(  133): Didn't match the sniff <=== status = 1 
W/QComExtractorFactory(  133): Didn't match the sniff <=== status = 1 
E/WVMExtractor(  133): Failed to open libwvm.so
W/QComExtractorFactory(  133): Didn't match the sniff <=== status = 5 
W/QComExtractorFactory(  133): Didn't match the sniff <=== status = 1 
W/QComExtractorFactory(  133): Didn't match the sniff <=== status = 1 
W/QComExtractorFactory(  133): Didn't match the sniff <=== status = 1 
E/MM_OSAL (  133): ValidateAACFile failed
W/QComExtractorFactory(  133): Didn't match the sniff <=== status = 1 
W/QComExtractorFactory(  133): Didn't match the sniff <=== status = 1 
E/WVMExtractor(  133): Failed to open libwvm.so
W/QComExtractorFactory(  133): Didn't match the sniff <=== status = 5 
W/QComExtractorFactory(  133): Didn't match the sniff <=== status = 1 
W/QComExtractorFactory(  133): Didn't match the sniff <=== status = 1 
W/QComExtractorFactory(  133): Didn't match the sniff <=== status = 1 
E/MM_OSAL (  133): ValidateAACFile failed
W/QComExtractorFactory(  133): Didn't match the sniff <=== status = 1 
W/QComExtractorFactory(  133): Didn't match the sniff <=== status = 1 
E/WVMExtractor(  133): Failed to open libwvm.so
W/QComExtractorFactory(  133): Didn't match the sniff <=== status = 5 
W/QComExtractorFactory(  133): Didn't match the sniff <=== status = 1 
W/QComExtractorFactory(  133): Didn't match the sniff <=== status = 1 
W/QComExtractorFactory(  133): Didn't match the sniff <=== status = 1 
E/MM_OSAL (  133): ValidateAACFile failed
W/QComExtractorFactory(  133): Didn't match the sniff <=== status = 1 
W/QComExtractorFactory(  133): Didn't match the sniff <=== status = 1 
E/WVMExtractor(  133): Failed to open libwvm.so
W/QComExtractorFactory(  133): Didn't match the sniff <=== status = 5 
W/QComExtractorFactory(  133): Didn't match the sniff <=== status = 1 
W/QComExtractorFactory(  133): Didn't match the sniff <=== status = 1 
W/QComExtractorFactory(  133): Didn't match the sniff <=== status = 1 
E/MM_OSAL (  133): ValidateAACFile failed
W/QComExtractorFactory(  133): Didn't match the sniff <=== status = 1 
W/QComExtractorFactory(  133): Didn't match the sniff <=== status = 1 
E/WVMExtractor(  133): Failed to open libwvm.so
W/QComExtractorFactory(  133): Didn't match the sniff <=== status = 5 
W/QComExtractorFactory(  133): Didn't match the sniff <=== status = 1 
W/QComExtractorFactory(  133): Didn't match the sniff <=== status = 1 
W/QComExtractorFactory(  133): Didn't match the sniff <=== status = 1 
E/MM_OSAL (  133): ValidateAACFile failed
W/QComExtractorFactory(  133): Didn't match the sniff <=== status = 1 
W/QComExtractorFactory(  133): Didn't match the sniff <=== status = 1 
D/dalvikvm(  892): WAIT_FOR_CONCURRENT_GC blocked 0ms
E/MetadataRetrieverClient(  133): failed to extract an album art
D/dalvikvm(  892): GC_EXPLICIT freed 5063K, 35% free 12074K/18503K, paused 2ms+3ms, total 29ms
W/BackupManagerService(  486): dataChanged but no participant pkg='com.android.providers.settings' uid=10012
D/PackageManager(  486): generateServicesMap(android.accounts.AccountAuthenticator): 2 services unchanged
D/PackageManager(  486): generateServicesMap(android.content.SyncAdapter): 4 services unchanged
E/MarketConnection( 1248): Connection failed : NETWORK_ERROR
D/PackageManager(  486): generateServicesMap(android.accounts.AccountAuthenticator): 2 services unchanged
D/PackageManager(  486): generateServicesMap(android.content.SyncAdapter): 4 services unchanged
E/WVMExtractor(  133): Failed to open libwvm.so
W/QComExtractorFactory(  133): Didn't match the sniff <=== status = 5 
W/QComExtractorFactory(  133): Didn't match the sniff <=== status = 1 
W/QComExtractorFactory(  133): Didn't match the sniff <=== status = 1 
W/QComExtractorFactory(  133): Didn't match the sniff <=== status = 1 
E/MM_OSAL (  133): ValidateAACFile failed
W/QComExtractorFactory(  133): Didn't match the sniff <=== status = 1 
W/QComExtractorFactory(  133): Didn't match the sniff <=== status = 1 
D/PackageManager(  486): generateServicesMap(android.accounts.AccountAuthenticator): 2 services unchanged
D/PackageManager(  486): generateServicesMap(android.content.SyncAdapter): 4 services unchanged
D/PackageManager(  486): generateServicesMap(android.accounts.AccountAuthenticator): 2 services unchanged
D/PackageManager(  486): generateServicesMap(android.content.SyncAdapter): 4 services unchanged
E/MarketConnection( 1248): Connection failed : NETWORK_ERROR
D/PackageManager(  486): generateServicesMap(android.accounts.AccountAuthenticator): 2 services unchanged
D/PackageManager(  486): generateServicesMap(android.content.SyncAdapter): 4 services unchanged
E/MarketConnection( 1248): Connection failed : NETWORK_ERROR
E/MarketConnection( 1248): Connection failed : NETWORK_ERROR
E/MarketConnection( 1248): Connection failed : NETWORK_ERROR
E/WVMExtractor(  133): Failed to open libwvm.so
W/QComExtractorFactory(  133): Didn't match the sniff <=== status = 5 
W/QComExtractorFactory(  133): Didn't match the sniff <=== status = 1 
W/QComExtractorFactory(  133): Didn't match the sniff <=== status = 1 
W/QComExtractorFactory(  133): Didn't match the sniff <=== status = 1 
E/MM_OSAL (  133): ValidateAACFile failed
W/QComExtractorFactory(  133): Didn't match the sniff <=== status = 1 
W/QComExtractorFactory(  133): Didn't match the sniff <=== status = 1 
E/WVMExtractor(  133): Failed to open libwvm.so
W/QComExtractorFactory(  133): Didn't match the sniff <=== status = 5 
W/QComExtractorFactory(  133): Didn't match the sniff <=== status = 1 
W/QComExtractorFactory(  133): Didn't match the sniff <=== status = 1 
W/QComExtractorFactory(  133): Didn't match the sniff <=== status = 1 
E/MM_OSAL (  133): ValidateAACFile failed
W/QComExtractorFactory(  133): Didn't match the sniff <=== status = 1 
W/QComExtractorFactory(  133): Didn't match the sniff <=== status = 1 
I/ActivityManager(  486): Start proc com.android.quicksearchbox for broadcast com.android.quicksearchbox/.CorporaUpdateReceiver: pid=1353 uid=10036 gids={3003, 1028}
E/jdwp    ( 1353): Failed sending reply to debugger: Broken pipe
E/WVMExtractor(  133): Failed to open libwvm.so
W/QComExtractorFactory(  133): Didn't match the sniff <=== status = 5 
W/QComExtractorFactory(  133): Didn't match the sniff <=== status = 1 
W/QComExtractorFactory(  133): Didn't match the sniff <=== status = 1 
E/Trace   ( 1353): error opening trace file: No such file or directory (2)
D/ActivityThread( 1353): setTargetHeapUtilization:0.25
D/ActivityThread( 1353): setTargetHeapIdealFree:8388608
D/ActivityThread( 1353): setTargetHeapConcurrentStart:2097152
W/QComExtractorFactory(  133): Didn't match the sniff <=== status = 1 
E/MM_OSAL (  133): ValidateAACFile failed
W/QComExtractorFactory(  133): Didn't match the sniff <=== status = 1 
W/QComExtractorFactory(  133): Didn't match the sniff <=== status = 1 
I/ActivityThread( 1353): Pub com.android.quicksearchbox.google: com.android.quicksearchbox.google.GoogleSuggestionProvider
I/ActivityThread( 1353): Pub com.android.quicksearchbox.shortcuts: com.android.quicksearchbox.ShortcutsProvider
I/ActivityManager(  486): No longer want com.qualcomm.privinit (pid 1030): hidden #16
E/WVMExtractor(  133): Failed to open libwvm.so
W/QComExtractorFactory(  133): Didn't match the sniff <=== status = 5 
W/QComExtractorFactory(  133): Didn't match the sniff <=== status = 1 
W/QComExtractorFactory(  133): Didn't match the sniff <=== status = 1 
W/QComExtractorFactory(  133): Didn't match the sniff <=== status = 1 
E/MM_OSAL (  133): ValidateAACFile failed
W/QComExtractorFactory(  133): Didn't match the sniff <=== status = 1 
W/QComExtractorFactory(  133): Didn't match the sniff <=== status = 1 
E/WVMExtractor(  133): Failed to open libwvm.so
W/QComExtractorFactory(  133): Didn't match the sniff <=== status = 5 
W/QComExtractorFactory(  133): Didn't match the sniff <=== status = 1 
W/QComExtractorFactory(  133): Didn't match the sniff <=== status = 1 
W/QComExtractorFactory(  133): Didn't match the sniff <=== status = 1 
E/MM_OSAL (  133): ValidateAACFile failed
W/QComExtractorFactory(  133): Didn't match the sniff <=== status = 1 
W/QComExtractorFactory(  133): Didn't match the sniff <=== status = 1 
E/WVMExtractor(  133): Failed to open libwvm.so
W/QComExtractorFactory(  133): Didn't match the sniff <=== status = 5 
W/QComExtractorFactory(  133): Didn't match the sniff <=== status = 1 
W/QComExtractorFactory(  133): Didn't match the sniff <=== status = 1 
W/QComExtractorFactory(  133): Didn't match the sniff <=== status = 1 
E/MM_OSAL (  133): ValidateAACFile failed
W/QComExtractorFactory(  133): Didn't match the sniff <=== status = 1 
W/QComExtractorFactory(  133): Didn't match the sniff <=== status = 1 
E/WVMExtractor(  133): Failed to open libwvm.so
W/QComExtractorFactory(  133): Didn't match the sniff <=== status = 5 
W/QComExtractorFactory(  133): Didn't match the sniff <=== status = 1 
W/QComExtractorFactory(  133): Didn't match the sniff <=== status = 1 
W/QComExtractorFactory(  133): Didn't match the sniff <=== status = 1 
E/MM_OSAL (  133): ValidateAACFile failed
W/QComExtractorFactory(  133): Didn't match the sniff <=== status = 1 
W/QComExtractorFactory(  133): Didn't match the sniff <=== status = 1 
E/WVMExtractor(  133): Failed to open libwvm.so
W/QComExtractorFactory(  133): Didn't match the sniff <=== status = 5 
W/QComExtractorFactory(  133): Didn't match the sniff <=== status = 1 
W/QComExtractorFactory(  133): Didn't match the sniff <=== status = 1 
W/QComExtractorFactory(  133): Didn't match the sniff <=== status = 1 
E/MM_OSAL (  133): ValidateAACFile failed
W/QComExtractorFactory(  133): Didn't match the sniff <=== status = 1 
W/QComExtractorFactory(  133): Didn't match the sniff <=== status = 1 
D/dalvikvm(  892): GC_CONCURRENT freed 3245K, 21% free 16258K/20487K, paused 2ms+5ms, total 42ms
E/WVMExtractor(  133): Failed to open libwvm.so
W/QComExtractorFactory(  133): Didn't match the sniff <=== status = 5 
W/QComExtractorFactory(  133): Didn't match the sniff <=== status = 1 
W/QComExtractorFactory(  133): Didn't match the sniff <=== status = 1 
W/QComExtractorFactory(  133): Didn't match the sniff <=== status = 1 
E/MM_OSAL (  133): ValidateAACFile failed
W/QComExtractorFactory(  133): Didn't match the sniff <=== status = 1 
W/QComExtractorFactory(  133): Didn't match the sniff <=== status = 1 
E/WVMExtractor(  133): Failed to open libwvm.so
W/QComExtractorFactory(  133): Didn't match the sniff <=== status = 5 
W/QComExtractorFactory(  133): Didn't match the sniff <=== status = 1 
W/QComExtractorFactory(  133): Didn't match the sniff <=== status = 1 
W/QComExtractorFactory(  133): Didn't match the sniff <=== status = 1 
E/MM_OSAL (  133): ValidateAACFile failed
W/QComExtractorFactory(  133): Didn't match the sniff <=== status = 1 
W/QComExtractorFactory(  133): Didn't match the sniff <=== status = 1 
E/WVMExtractor(  133): Failed to open libwvm.so
W/QComExtractorFactory(  133): Didn't match the sniff <=== status = 5 
W/QComExtractorFactory(  133): Didn't match the sniff <=== status = 1 
W/QComExtractorFactory(  133): Didn't match the sniff <=== status = 1 
W/QComExtractorFactory(  133): Didn't match the sniff <=== status = 1 
E/MM_OSAL (  133): ValidateAACFile failed
W/QComExtractorFactory(  133): Didn't match the sniff <=== status = 1 
W/QComExtractorFactory(  133): Didn't match the sniff <=== status = 1 
E/WVMExtractor(  133): Failed to open libwvm.so
W/QComExtractorFactory(  133): Didn't match the sniff <=== status = 5 
W/QComExtractorFactory(  133): Didn't match the sniff <=== status = 1 
W/QComExtractorFactory(  133): Didn't match the sniff <=== status = 1 
W/QComExtractorFactory(  133): Didn't match the sniff <=== status = 1 
E/MM_OSAL (  133): ValidateAACFile failed
W/QComExtractorFactory(  133): Didn't match the sniff <=== status = 1 
W/QComExtractorFactory(  133): Didn't match the sniff <=== status = 1 
E/WVMExtractor(  133): Failed to open libwvm.so
W/QComExtractorFactory(  133): Didn't match the sniff <=== status = 5 
W/QComExtractorFactory(  133): Didn't match the sniff <=== status = 1 
W/QComExtractorFactory(  133): Didn't match the sniff <=== status = 1 
W/QComExtractorFactory(  133): Didn't match the sniff <=== status = 1 
E/MM_OSAL (  133): ValidateAACFile failed
W/QComExtractorFactory(  133): Didn't match the sniff <=== status = 1 
W/QComExtractorFactory(  133): Didn't match the sniff <=== status = 1 
E/WVMExtractor(  133): Failed to open libwvm.so
W/QComExtractorFactory(  133): Didn't match the sniff <=== status = 5 
W/QComExtractorFactory(  133): Didn't match the sniff <=== status = 1 
W/QComExtractorFactory(  133): Didn't match the sniff <=== status = 1 
W/QComExtractorFactory(  133): Didn't match the sniff <=== status = 1 
E/MM_OSAL (  133): ValidateAACFile failed
W/QComExtractorFactory(  133): Didn't match the sniff <=== status = 1 
W/QComExtractorFactory(  133): Didn't match the sniff <=== status = 1 
E/WVMExtractor(  133): Failed to open libwvm.so
W/QComExtractorFactory(  133): Didn't match the sniff <=== status = 5 
W/QComExtractorFactory(  133): Didn't match the sniff <=== status = 1 
W/QComExtractorFactory(  133): Didn't match the sniff <=== status = 1 
W/QComExtractorFactory(  133): Didn't match the sniff <=== status = 1 
E/MM_OSAL (  133): ValidateAACFile failed
W/QComExtractorFactory(  133): Didn't match the sniff <=== status = 1 
W/QComExtractorFactory(  133): Didn't match the sniff <=== status = 1 
E/WVMExtractor(  133): Failed to open libwvm.so
W/QComExtractorFactory(  133): Didn't match the sniff <=== status = 5 
W/QComExtractorFactory(  133): Didn't match the sniff <=== status = 1 
W/QComExtractorFactory(  133): Didn't match the sniff <=== status = 1 
W/QComExtractorFactory(  133): Didn't match the sniff <=== status = 1 
E/MM_OSAL (  133): ValidateAACFile failed
W/QComExtractorFactory(  133): Didn't match the sniff <=== status = 1 
W/QComExtractorFactory(  133): Didn't match the sniff <=== status = 1 
E/WVMExtractor(  133): Failed to open libwvm.so
W/QComExtractorFactory(  133): Didn't match the sniff <=== status = 5 
W/QComExtractorFactory(  133): Didn't match the sniff <=== status = 1 
W/QComExtractorFactory(  133): Didn't match the sniff <=== status = 1 
W/QComExtractorFactory(  133): Didn't match the sniff <=== status = 1 
E/MM_OSAL (  133): ValidateAACFile failed
W/QComExtractorFactory(  133): Didn't match the sniff <=== status = 1 
W/QComExtractorFactory(  133): Didn't match the sniff <=== status = 1 
D/dalvikvm(  892): GC_CONCURRENT freed 5167K, 26% free 18191K/24327K, paused 3ms+6ms, total 49ms
E/WVMExtractor(  133): Failed to open libwvm.so
W/QComExtractorFactory(  133): Didn't match the sniff <=== status = 5 
W/QComExtractorFactory(  133): Didn't match the sniff <=== status = 1 
W/QComExtractorFactory(  133): Didn't match the sniff <=== status = 1 
W/QComExtractorFactory(  133): Didn't match the sniff <=== status = 1 
E/MM_OSAL (  133): ValidateAACFile failed
W/QComExtractorFactory(  133): Didn't match the sniff <=== status = 1 
W/QComExtractorFactory(  133): Didn't match the sniff <=== status = 1 
E/WVMExtractor(  133): Failed to open libwvm.so
W/QComExtractorFactory(  133): Didn't match the sniff <=== status = 5 
W/QComExtractorFactory(  133): Didn't match the sniff <=== status = 1 
W/QComExtractorFactory(  133): Didn't match the sniff <=== status = 1 
W/QComExtractorFactory(  133): Didn't match the sniff <=== status = 1 
E/MM_OSAL (  133): ValidateAACFile failed
W/QComExtractorFactory(  133): Didn't match the sniff <=== status = 1 
W/QComExtractorFactory(  133): Didn't match the sniff <=== status = 1 
E/WVMExtractor(  133): Failed to open libwvm.so
W/QComExtractorFactory(  133): Didn't match the sniff <=== status = 5 
W/QComExtractorFactory(  133): Didn't match the sniff <=== status = 1 
W/QComExtractorFactory(  133): Didn't match the sniff <=== status = 1 
W/QComExtractorFactory(  133): Didn't match the sniff <=== status = 1 
E/MM_OSAL (  133): ValidateAACFile failed
W/QComExtractorFactory(  133): Didn't match the sniff <=== status = 1 
W/QComExtractorFactory(  133): Didn't match the sniff <=== status = 1 
E/WVMExtractor(  133): Failed to open libwvm.so
W/QComExtractorFactory(  133): Didn't match the sniff <=== status = 5 
W/QComExtractorFactory(  133): Didn't match the sniff <=== status = 1 
W/QComExtractorFactory(  133): Didn't match the sniff <=== status = 1 
W/QComExtractorFactory(  133): Didn't match the sniff <=== status = 1 
E/MM_OSAL (  133): ValidateAACFile failed
W/QComExtractorFactory(  133): Didn't match the sniff <=== status = 1 
W/QComExtractorFactory(  133): Didn't match the sniff <=== status = 1 
E/WVMExtractor(  133): Failed to open libwvm.so
W/QComExtractorFactory(  133): Didn't match the sniff <=== status = 5 
W/QComExtractorFactory(  133): Didn't match the sniff <=== status = 1 
W/QComExtractorFactory(  133): Didn't match the sniff <=== status = 1 
W/QComExtractorFactory(  133): Didn't match the sniff <=== status = 1 
E/MM_OSAL (  133): ValidateAACFile failed
W/QComExtractorFactory(  133): Didn't match the sniff <=== status = 1 
W/QComExtractorFactory(  133): Didn't match the sniff <=== status = 1 
E/WVMExtractor(  133): Failed to open libwvm.so
W/QComExtractorFactory(  133): Didn't match the sniff <=== status = 5 
W/QComExtractorFactory(  133): Didn't match the sniff <=== status = 1 
W/QComExtractorFactory(  133): Didn't match the sniff <=== status = 1 
W/QComExtractorFactory(  133): Didn't match the sniff <=== status = 1 
E/MM_OSAL (  133): ValidateAACFile failed
W/QComExtractorFactory(  133): Didn't match the sniff <=== status = 1 
W/QComExtractorFactory(  133): Didn't match the sniff <=== status = 1 
E/WVMExtractor(  133): Failed to open libwvm.so
W/QComExtractorFactory(  133): Didn't match the sniff <=== status = 5 
W/QComExtractorFactory(  133): Didn't match the sniff <=== status = 1 
W/QComExtractorFactory(  133): Didn't match the sniff <=== status = 1 
W/QComExtractorFactory(  133): Didn't match the sniff <=== status = 1 
E/MM_OSAL (  133): ValidateAACFile failed
W/QComExtractorFactory(  133): Didn't match the sniff <=== status = 1 
W/QComExtractorFactory(  133): Didn't match the sniff <=== status = 1 
E/WVMExtractor(  133): Failed to open libwvm.so
W/QComExtractorFactory(  133): Didn't match the sniff <=== status = 5 
W/QComExtractorFactory(  133): Didn't match the sniff <=== status = 1 
W/QComExtractorFactory(  133): Didn't match the sniff <=== status = 1 
W/QComExtractorFactory(  133): Didn't match the sniff <=== status = 1 
E/MM_OSAL (  133): ValidateAACFile failed
W/QComExtractorFactory(  133): Didn't match the sniff <=== status = 1 
W/QComExtractorFactory(  133): Didn't match the sniff <=== status = 1 
E/WVMExtractor(  133): Failed to open libwvm.so
W/QComExtractorFactory(  133): Didn't match the sniff <=== status = 5 
W/QComExtractorFactory(  133): Didn't match the sniff <=== status = 1 
W/QComExtractorFactory(  133): Didn't match the sniff <=== status = 1 
W/QComExtractorFactory(  133): Didn't match the sniff <=== status = 1 
E/MM_OSAL (  133): ValidateAACFile failed
W/QComExtractorFactory(  133): Didn't match the sniff <=== status = 1 
W/QComExtractorFactory(  133): Didn't match the sniff <=== status = 1 
E/WVMExtractor(  133): Failed to open libwvm.so
W/QComExtractorFactory(  133): Didn't match the sniff <=== status = 5 
W/QComExtractorFactory(  133): Didn't match the sniff <=== status = 1 
W/QComExtractorFactory(  133): Didn't match the sniff <=== status = 1 
W/QComExtractorFactory(  133): Didn't match the sniff <=== status = 1 
E/MM_OSAL (  133): ValidateAACFile failed
W/QComExtractorFactory(  133): Didn't match the sniff <=== status = 1 
W/QComExtractorFactory(  133): Didn't match the sniff <=== status = 1 
E/WVMExtractor(  133): Failed to open libwvm.so
W/QComExtractorFactory(  133): Didn't match the sniff <=== status = 5 
W/QComExtractorFactory(  133): Didn't match the sniff <=== status = 1 
W/QComExtractorFactory(  133): Didn't match the sniff <=== status = 1 
W/QComExtractorFactory(  133): Didn't match the sniff <=== status = 1 
E/MM_OSAL (  133): ValidateAACFile failed
W/QComExtractorFactory(  133): Didn't match the sniff <=== status = 1 
W/QComExtractorFactory(  133): Didn't match the sniff <=== status = 1 
E/WVMExtractor(  133): Failed to open libwvm.so
W/QComExtractorFactory(  133): Didn't match the sniff <=== status = 5 
W/QComExtractorFactory(  133): Didn't match the sniff <=== status = 1 
W/QComExtractorFactory(  133): Didn't match the sniff <=== status = 1 
W/QComExtractorFactory(  133): Didn't match the sniff <=== status = 1 
E/MM_OSAL (  133): ValidateAACFile failed
W/QComExtractorFactory(  133): Didn't match the sniff <=== status = 1 
W/QComExtractorFactory(  133): Didn't match the sniff <=== status = 1 
E/WVMExtractor(  133): Failed to open libwvm.so
W/QComExtractorFactory(  133): Didn't match the sniff <=== status = 5 
W/QComExtractorFactory(  133): Didn't match the sniff <=== status = 1 
W/QComExtractorFactory(  133): Didn't match the sniff <=== status = 1 
W/QComExtractorFactory(  133): Didn't match the sniff <=== status = 1 
E/MM_OSAL (  133): ValidateAACFile failed
W/QComExtractorFactory(  133): Didn't match the sniff <=== status = 1 
W/QComExtractorFactory(  133): Didn't match the sniff <=== status = 1 
E/WVMExtractor(  133): Failed to open libwvm.so
W/QComExtractorFactory(  133): Didn't match the sniff <=== status = 5 
W/QComExtractorFactory(  133): Didn't match the sniff <=== status = 1 
W/QComExtractorFactory(  133): Didn't match the sniff <=== status = 1 
W/QComExtractorFactory(  133): Didn't match the sniff <=== status = 1 
E/MM_OSAL (  133): ValidateAACFile failed
W/QComExtractorFactory(  133): Didn't match the sniff <=== status = 1 
W/QComExtractorFactory(  133): Didn't match the sniff <=== status = 1 
E/WVMExtractor(  133): Failed to open libwvm.so
W/QComExtractorFactory(  133): Didn't match the sniff <=== status = 5 
W/QComExtractorFactory(  133): Didn't match the sniff <=== status = 1 
W/QComExtractorFactory(  133): Didn't match the sniff <=== status = 1 
W/QComExtractorFactory(  133): Didn't match the sniff <=== status = 1 
E/MM_OSAL (  133): ValidateAACFile failed
W/QComExtractorFactory(  133): Didn't match the sniff <=== status = 1 
W/QComExtractorFactory(  133): Didn't match the sniff <=== status = 1 
E/WVMExtractor(  133): Failed to open libwvm.so
W/QComExtractorFactory(  133): Didn't match the sniff <=== status = 5 
W/QComExtractorFactory(  133): Didn't match the sniff <=== status = 1 
W/QComExtractorFactory(  133): Didn't match the sniff <=== status = 1 
W/QComExtractorFactory(  133): Didn't match the sniff <=== status = 1 
E/MM_OSAL (  133): ValidateAACFile failed
W/QComExtractorFactory(  133): Didn't match the sniff <=== status = 1 
W/QComExtractorFactory(  133): Didn't match the sniff <=== status = 1 
E/WVMExtractor(  133): Failed to open libwvm.so
W/QComExtractorFactory(  133): Didn't match the sniff <=== status = 5 
