D/AudioHardwareMSM8660(  133): addToTable stream 1
I/ActivityManager(  486): START {act=android.intent.action.MAIN cat=[android.intent.category.HOME] flg=0x10200000 cmp=com.android.launcher/com.android.launcher2.Launcher u=0} from pid 486
D/dalvikvm(  892): WAIT_FOR_CONCURRENT_GC blocked 0ms
D/dalvikvm(  892): GC_EXPLICIT freed 72K, 43% free 15036K/26247K, paused 2ms+3ms, total 30ms
D/AudioHardwareMSM8660(  133): AudioStreamOutMSM8x60::standby()
D/AudioHardwareMSM8660(  133): Deroute pcm stream
D/AudioHardwareMSM8660(  133): deleteFromTable stream 1
D/AudioHardwareMSM8660(  133): value of device and enable is <speaker_stereo_rx> 0 ALSA dev id:2
W/SignalStrength(  767): Size of signalstrength parcel:64
W/SignalStrength(  767): Signal before validate=SignalStrength: 0 0 0 0 0 0 0 0 0 0 0 0 cdma
W/SignalStrength(  767): Signal after validate=SignalStrength: 0 0 -120 -160 -120 -1 -1 0 2147483647 2147483647 0 0 cdma
W/SignalStrength(  767): Size of signalstrength parcel:64
W/SignalStrength(  767): Signal before validate=SignalStrength: 0 0 0 0 0 0 0 0 0 0 0 0 cdma
W/SignalStrength(  767): Signal after validate=SignalStrength: 0 0 -120 -160 -120 -1 -1 0 2147483647 2147483647 0 0 cdma
W/SignalStrength(  767): Size of signalstrength parcel:64
W/SignalStrength(  767): Signal before validate=SignalStrength: 0 0 0 0 0 0 0 0 0 0 0 0 cdma
W/SignalStrength(  767): Signal after validate=SignalStrength: 0 0 -120 -160 -120 -1 -1 0 2147483647 2147483647 0 0 cdma
I/StorageNotification(  698): UMS connection changed to false (media state nofs)
D/GpsLocationProvider(  486): updateBatteryStatus invoked and setting values. isBatteryCharging: false
D/GpsLocationProvider(  486): Gps MessageHandler. msg.what 12 msg.arg1:2 msg.arg2: 0
D/GpsLocationProvider(  486): handleNativePhoneContextUpdate called. updateType: 2 mRequestContextType: 0 mRequestType: 0
D/GpsLocationProvider(  486): handleNativePhoneContextUpdate. Update obtained before request. Ignoring
I/PowerUI (  698): showing low battery warning: level=1 [-2]
E/MediaPlayer(  698): Uri is  file:///system/media/audio/ui/LowBattery.ogg
E/WVMExtractor(  133): Failed to open libwvm.so
W/QComExtractorFactory(  133): Didn't match the sniff <=== status = 5 
W/QComExtractorFactory(  133): Didn't match the sniff <=== status = 1 
W/QComExtractorFactory(  133): Didn't match the sniff <=== status = 1 
W/QComExtractorFactory(  133): Didn't match the sniff <=== status = 1 
E/MM_OSAL (  133): ValidateAACFile failed
W/QComExtractorFactory(  133): Didn't match the sniff <=== status = 1 
W/QComExtractorFactory(  133): Didn't match the sniff <=== status = 1 
D/GpsLocationProvider(  486): updateBatteryStatus invoked and setting values. isBatteryCharging: true
I/WindowManager(  486): No lock screen!
D/GpsLocationProvider(  486): Gps MessageHandler. msg.what 12 msg.arg1:2 msg.arg2: 0
D/GpsLocationProvider(  486): handleNativePhoneContextUpdate called. updateType: 2 mRequestContextType: 0 mRequestType: 0
D/GpsLocationProvider(  486): handleNativePhoneContextUpdate. Update obtained before request. Ignoring
D/Ringtone(  698): Successfully created local player
E/OMXNodeInstance(  133): OMX_FreeBuffer for buffer header 0x401c9e40 successful
E/OMXNodeInstance(  133): OMX_FreeBuffer for buffer header 0x401c9d88 successful
E/OMXNodeInstance(  133): OMX_FreeBuffer for buffer header 0x401c9cb8 successful
E/OMXNodeInstance(  133): OMX_FreeBuffer for buffer header 0x402da8a8 successful
E/OMXNodeInstance(  133): OMX_FreeBuffer for buffer header 0x401c9528 successful
E/OMXNodeInstance(  133): OMX_FreeBuffer for buffer header 0x401c9400 successful
E/OMXNodeInstance(  133): OMX_FreeBuffer for buffer header 0x401c92c0 successful
E/OMXNodeInstance(  133): OMX_FreeBuffer for buffer header 0x401c90b0 successful
E/MediaPlayer(  698): Uri is  file:///system/media/audio/ui/LowBattery.ogg
E/WVMExtractor(  133): Failed to open libwvm.so
W/QComExtractorFactory(  133): Didn't match the sniff <=== status = 5 
W/QComExtractorFactory(  133): Didn't match the sniff <=== status = 1 
W/QComExtractorFactory(  133): Didn't match the sniff <=== status = 1 
W/QComExtractorFactory(  133): Didn't match the sniff <=== status = 1 
E/MM_OSAL (  133): ValidateAACFile failed
W/QComExtractorFactory(  133): Didn't match the sniff <=== status = 1 
W/QComExtractorFactory(  133): Didn't match the sniff <=== status = 1 
D/Ringtone(  698): Successfully created local player
D/MediaPlayer(  698): start() mUri is file:///system/media/audio/ui/LowBattery.ogg
D/BluetoothA2dpService(  486): uri is file:///system/media/audio/ui/LowBattery.oggmUri is file:///system/media/audio/ui/LowBattery.ogg
D/BluetoothA2dpService(  486): PlaySatus is 1
D/BluetoothA2dpService(  486): Metadata received
D/BluetoothA2dpService(  486): Duration 500
D/BluetoothA2dpService(  486): position 0
D/BluetoothA2dpService(  486): playstate is 1
D/BluetoothA2dpService(  486): Update for same Uri, ignoring
E/OMXNodeInstance(  133): OMX_FreeBuffer for buffer header 0x40020318 successful
E/OMXNodeInstance(  133): OMX_FreeBuffer for buffer header 0x402c9008 successful
E/OMXNodeInstance(  133): OMX_FreeBuffer for buffer header 0x402c9110 successful
E/OMXNodeInstance(  133): OMX_FreeBuffer for buffer header 0x402c9238 successful
I/PowerUI (  698): updating low battery warning: level=1 [-2]
D/PhoneStatusBar(  698): addNotification score=-10
I/StorageNotification(  698): UMS connection changed to true (media state nofs)
D/SizeAdaptiveLayout(  698): com.android.internal.widget.SizeAdaptiveLayout@41e18268child view android.widget.FrameLayout@41e19b50 measured out of bounds at 95px clamped to 96px
D/AudioHardwareMSM8660(  133): write(): dec_id = 1 cur_rx = speaker_stereo_rx
D/AudioHardwareMSM8660(  133): value of device and enable is <speaker_stereo_rx> 1 ALSA dev id:2
D/AccelerometerListener(  767): enable(false)
I/PowerUI (  698): closing low battery warning: level=1
W/PowerUI (  698): unknown intent: Intent { act=android.intent.action.ACTION_POWER_CONNECTED flg=0x8000010 }
D/PhoneStatusBar(  698): addNotification score=0
I/StorageNotification(  698): UMS connection changed to true (media state nofs)
D/SizeAdaptiveLayout(  698): com.android.internal.widget.SizeAdaptiveLayout@41e289a0child view android.widget.FrameLayout@41e2a2c0 measured out of bounds at 95px clamped to 96px
D/ACDB-LOADER(  133): ACDB -> send_audio_cal, acdb_id = 15, path =  0
D/ACDB-LOADER(  133): ACDB -> send_adm_topology
D/ACDB-LOADER(  133): ACDB -> ACDB_CMD_GET_AUDPROC_COMMON_TOPOLOGY_ID
D/ACDB-LOADER(  133): ACDB -> send_audtable
D/ACDB-LOADER(  133): ACDB -> ACDB_CMD_GET_AUDPROC_COMMON_TABLE
D/ACDB-LOADER(  133): ACDB -> AUDIO_SET_AUDPROC_CAL
D/ACDB-LOADER(  133): ACDB -> send_audvoltable
D/ACDB-LOADER(  133): ACDB -> ACDB_CMD_GET_AUDPROC_GAIN_DEP_VOLTBL_STEP_COPP
D/ACDB-LOADER(  133): ACDB -> AUDIO_SET_AUDPROC_VOL_CAL
D/AudioHardwareMSM8660(  133): addToTable stream 1
D/SizeAdaptiveLayout(  698): com.android.internal.widget.SizeAdaptiveLayout@41e289a0child view android.widget.FrameLayout@41e2a2c0 measured out of bounds at 95px clamped to 96px
W/InputMethodManagerService(  486): Window already focused, ignoring focus gain of: com.android.internal.view.IInputMethodClient$Stub$Proxy@41a0dc60 attribute=android.view.inputmethod.EditorInfo@41b66480
D/AccelerometerListener(  767): enable(false)
W/SignalStrength(  767): Size of signalstrength parcel:60
W/SignalStrength(  767): Signal before validate=SignalStrength: 99 0 113 25 125 25 8 99 2147483647 2147483647 2147483647 2147483647 gsm|lte
W/SignalStrength(  767): Signal after validate=SignalStrength: 99 0 -113 -25 -125 -25 8 99 2147483647 2147483647 2147483647 2147483647 gsm|lte
W/SignalStrength(  486): Size of signalstrength parcel:164
W/SignalStrength(  486): getCdmaLevel=0
W/SignalStrength(  486): getEvdoLevel=0
W/SignalStrength(  486): getLevel=0
W/SignalStrength(  698): Size of signalstrength parcel:168
W/SignalStrength(  698): getCdmaLevel=0
W/SignalStrength(  698): getEvdoLevel=0
W/SignalStrength(  698): getLevel=0
W/SignalStrength(  698): getCdmaLevel=0
W/SignalStrength(  698): getEvdoLevel=0
W/SignalStrength(  698): getLevel=0
D/StatusBar.NetworkController(  698): onSignalStrengthsChanged signalStrength=SignalStrength: 99 0 -113 -25 -125 -25 8 99 2147483647 2147483647 2147483647 2147483647 cdma level=0
D/StatusBar.NetworkController(  698):  No service
D/StatusBar.NetworkController(  698): refreshViews: Data not connected!! Set no data type icon
D/StatusBar.NetworkController(  698): refreshViews connected={ } level=0 combinedSignalIconId=0x7f02009b/com.android.systemui:drawable/stat_sys_signal_null combinedActivityIconId=0x0 mobileLabel= wifiLabel= emergencyOnly=false combinedLabel= mAirplaneMode=false mDataActivity=0 mPhoneSignalIconId=0x7f02009b mDataDirectionIconId=0x0 mDataSignalIconId=0x7f02009b mDataTypeIconId=0x0 mNoSimIconId=0x7f020087 mWifiIconId=0x0 mBluetoothTetherIconId=0x108054d
I/rmt_storage(  160): rmt_storage write event
I/rmt_storage(  160): rmt_storage events processing done
I/rmt_storage(  160): unblock rmt_storage client thread
I/rmt_storage(  160): rmt_storage fop(1): bytes transferred = 3145216
I/rmt_storage(  160): rmt_storage fop(1): bytes transferred = 512
D/AudioHardwareMSM8660(  133): AudioStreamOutMSM8x60::standby()
D/AudioHardwareMSM8660(  133): Deroute pcm stream
D/AudioHardwareMSM8660(  133): deleteFromTable stream 1
D/AudioHardwareMSM8660(  133): value of device and enable is <speaker_stereo_rx> 0 ALSA dev id:2
W/ThrottleService(  486): unable to find stats for iface rmnet0
W/SocketClient(  127): write error (Broken pipe)
W/SignalStrength(  767): Size of signalstrength parcel:64
W/SignalStrength(  767): Signal before validate=SignalStrength: 0 0 0 0 0 0 0 0 0 0 0 0 cdma
W/SignalStrength(  767): Signal after validate=SignalStrength: 0 0 -120 -160 -120 -1 -1 0 2147483647 2147483647 0 0 cdma
W/SignalStrength(  486): Size of signalstrength parcel:164
W/SignalStrength(  486): getCdmaLevel=0
W/SignalStrength(  486): getEvdoLevel=0
W/SignalStrength(  486): getLevel=0
W/SignalStrength(  698): Size of signalstrength parcel:168
W/SignalStrength(  698): getCdmaLevel=0
W/SignalStrength(  698): getEvdoLevel=0
W/SignalStrength(  698): getLevel=0
W/SignalStrength(  698): getCdmaLevel=0
W/SignalStrength(  698): getEvdoLevel=0
W/SignalStrength(  698): getLevel=0
D/StatusBar.NetworkController(  698): onSignalStrengthsChanged signalStrength=SignalStrength: 0 0 -120 -160 -120 -1 -1 0 2147483647 2147483647 0 0 cdma level=0
D/StatusBar.NetworkController(  698):  No service
D/StatusBar.NetworkController(  698): refreshViews: Data not connected!! Set no data type icon
D/StatusBar.NetworkController(  698): refreshViews connected={ } level=0 combinedSignalIconId=0x7f02009b/com.android.systemui:drawable/stat_sys_signal_null combinedActivityIconId=0x0 mobileLabel= wifiLabel= emergencyOnly=false combinedLabel= mAirplaneMode=false mDataActivity=0 mPhoneSignalIconId=0x7f02009b mDataDirectionIconId=0x0 mDataSignalIconId=0x7f02009b mDataTypeIconId=0x0 mNoSimIconId=0x7f020087 mWifiIconId=0x0 mBluetoothTetherIconId=0x108054d
